Archive member included to satisfy reference by file (symbol)

/opt/st/stm32cubeide_1.9.0/plugins/com.st.stm32cube.ide.mcu.externaltools.gnu-tools-for-stm32.10.3-2021.10.linux64_1.0.0.202111181127/tools/bin/../lib/gcc/arm-none-eabi/10.3.1/../../../../arm-none-eabi/lib/thumb/v7-m/nofp/libc_nano.a(lib_a-exit.o)
                              /opt/st/stm32cubeide_1.9.0/plugins/com.st.stm32cube.ide.mcu.externaltools.gnu-tools-for-stm32.10.3-2021.10.linux64_1.0.0.202111181127/tools/bin/../lib/gcc/arm-none-eabi/10.3.1/../../../../arm-none-eabi/lib/thumb/v7-m/nofp/crt0.o (exit)
/opt/st/stm32cubeide_1.9.0/plugins/com.st.stm32cube.ide.mcu.externaltools.gnu-tools-for-stm32.10.3-2021.10.linux64_1.0.0.202111181127/tools/bin/../lib/gcc/arm-none-eabi/10.3.1/../../../../arm-none-eabi/lib/thumb/v7-m/nofp/libc_nano.a(lib_a-impure.o)
                              /opt/st/stm32cubeide_1.9.0/plugins/com.st.stm32cube.ide.mcu.externaltools.gnu-tools-for-stm32.10.3-2021.10.linux64_1.0.0.202111181127/tools/bin/../lib/gcc/arm-none-eabi/10.3.1/../../../../arm-none-eabi/lib/thumb/v7-m/nofp/libc_nano.a(lib_a-exit.o) (_global_impure_ptr)
/opt/st/stm32cubeide_1.9.0/plugins/com.st.stm32cube.ide.mcu.externaltools.gnu-tools-for-stm32.10.3-2021.10.linux64_1.0.0.202111181127/tools/bin/../lib/gcc/arm-none-eabi/10.3.1/../../../../arm-none-eabi/lib/thumb/v7-m/nofp/libc_nano.a(lib_a-init.o)
                              /opt/st/stm32cubeide_1.9.0/plugins/com.st.stm32cube.ide.mcu.externaltools.gnu-tools-for-stm32.10.3-2021.10.linux64_1.0.0.202111181127/tools/bin/../lib/gcc/arm-none-eabi/10.3.1/../../../../arm-none-eabi/lib/thumb/v7-m/nofp/crt0.o (__libc_init_array)
/opt/st/stm32cubeide_1.9.0/plugins/com.st.stm32cube.ide.mcu.externaltools.gnu-tools-for-stm32.10.3-2021.10.linux64_1.0.0.202111181127/tools/bin/../lib/gcc/arm-none-eabi/10.3.1/../../../../arm-none-eabi/lib/thumb/v7-m/nofp/libc_nano.a(lib_a-memset.o)
                              /opt/st/stm32cubeide_1.9.0/plugins/com.st.stm32cube.ide.mcu.externaltools.gnu-tools-for-stm32.10.3-2021.10.linux64_1.0.0.202111181127/tools/bin/../lib/gcc/arm-none-eabi/10.3.1/../../../../arm-none-eabi/lib/thumb/v7-m/nofp/crt0.o (memset)
/opt/st/stm32cubeide_1.9.0/plugins/com.st.stm32cube.ide.mcu.externaltools.gnu-tools-for-stm32.10.3-2021.10.linux64_1.0.0.202111181127/tools/bin/../lib/gcc/arm-none-eabi/10.3.1/../../../../arm-none-eabi/lib/thumb/v7-m/nofp/libc_nano.a(lib_a-strlen.o)
                              ./Src/FLASH_PAGE_F1.o (strlen)
/opt/st/stm32cubeide_1.9.0/plugins/com.st.stm32cube.ide.mcu.externaltools.gnu-tools-for-stm32.10.3-2021.10.linux64_1.0.0.202111181127/tools/bin/../lib/gcc/arm-none-eabi/10.3.1/thumb/v7-m/nofp/libgcc.a(_arm_muldf3.o)
                              ./Src/steering.o (__aeabi_dmul)
/opt/st/stm32cubeide_1.9.0/plugins/com.st.stm32cube.ide.mcu.externaltools.gnu-tools-for-stm32.10.3-2021.10.linux64_1.0.0.202111181127/tools/bin/../lib/gcc/arm-none-eabi/10.3.1/thumb/v7-m/nofp/libgcc.a(_arm_mulsf3.o)
                              ./Src/calibrate.o (__aeabi_fmul)
/opt/st/stm32cubeide_1.9.0/plugins/com.st.stm32cube.ide.mcu.externaltools.gnu-tools-for-stm32.10.3-2021.10.linux64_1.0.0.202111181127/tools/bin/../lib/gcc/arm-none-eabi/10.3.1/thumb/v7-m/nofp/libgcc.a(_arm_addsubdf3.o)
                              ./Src/steering.o (__aeabi_dadd)
/opt/st/stm32cubeide_1.9.0/plugins/com.st.stm32cube.ide.mcu.externaltools.gnu-tools-for-stm32.10.3-2021.10.linux64_1.0.0.202111181127/tools/bin/../lib/gcc/arm-none-eabi/10.3.1/thumb/v7-m/nofp/libgcc.a(_arm_muldivdf3.o)
                              ./Src/steering.o (__aeabi_ddiv)
/opt/st/stm32cubeide_1.9.0/plugins/com.st.stm32cube.ide.mcu.externaltools.gnu-tools-for-stm32.10.3-2021.10.linux64_1.0.0.202111181127/tools/bin/../lib/gcc/arm-none-eabi/10.3.1/thumb/v7-m/nofp/libgcc.a(_arm_fixdfsi.o)
                              ./Src/steering.o (__aeabi_d2iz)
/opt/st/stm32cubeide_1.9.0/plugins/com.st.stm32cube.ide.mcu.externaltools.gnu-tools-for-stm32.10.3-2021.10.linux64_1.0.0.202111181127/tools/bin/../lib/gcc/arm-none-eabi/10.3.1/thumb/v7-m/nofp/libgcc.a(_arm_addsubsf3.o)
                              ./Src/calibrate.o (__aeabi_fsub)
/opt/st/stm32cubeide_1.9.0/plugins/com.st.stm32cube.ide.mcu.externaltools.gnu-tools-for-stm32.10.3-2021.10.linux64_1.0.0.202111181127/tools/bin/../lib/gcc/arm-none-eabi/10.3.1/thumb/v7-m/nofp/libgcc.a(_arm_muldivsf3.o)
                              ./Src/calibrate.o (__aeabi_fdiv)
/opt/st/stm32cubeide_1.9.0/plugins/com.st.stm32cube.ide.mcu.externaltools.gnu-tools-for-stm32.10.3-2021.10.linux64_1.0.0.202111181127/tools/bin/../lib/gcc/arm-none-eabi/10.3.1/thumb/v7-m/nofp/libgcc.a(_arm_cmpsf2.o)
                              ./Src/calibrate.o (__aeabi_fcmpeq)
/opt/st/stm32cubeide_1.9.0/plugins/com.st.stm32cube.ide.mcu.externaltools.gnu-tools-for-stm32.10.3-2021.10.linux64_1.0.0.202111181127/tools/bin/../lib/gcc/arm-none-eabi/10.3.1/thumb/v7-m/nofp/libgcc.a(_arm_fixsfsi.o)
[...]
Memory Configuration

Name             Origin             Length             Attributes
RAM              0x0000000020000000 0x0000000000005000 xrw
FLASH            0x0000000008000000 0x0000000000020000 xr
*default*        0x0000000000000000 0xffffffffffffffff

Linker script and memory map

LOAD /opt/st/stm32cubeide_1.9.0/plugins/com.st.stm32cube.ide.mcu.externaltools.gnu-tools-for-stm32.10.3-2021.10.linux64_1.0.0.202111181127/tools/bin/../lib/gcc/arm-none-eabi/10.3.1/thumb/v7-m/nofp/crti.o
LOAD /opt/st/stm32cubeide_1.9.0/plugins/com.st.stm32cube.ide.mcu.externaltools.gnu-tools-for-stm32.10.3-2021.10.linux64_1.0.0.202111181127/tools/bin/../lib/gcc/arm-none-eabi/10.3.1/thumb/v7-m/nofp/crtbegin.o
LOAD /opt/st/stm32cubeide_1.9.0/plugins/com.st.stm32cube.ide.mcu.externaltools.gnu-tools-for-stm32.10.3-2021.10.linux64_1.0.0.202111181127/tools/bin/../lib/gcc/arm-none-eabi/10.3.1/../../../../arm-none-eabi/lib/thumb/v7-m/nofp/crt0.o
LOAD ./Drivers/STM32F1xx_HAL_Driver/Src/stm32f1xx_hal.o
LOAD ./Drivers/STM32F1xx_HAL_Driver/Src/stm32f1xx_hal_adc.o
LOAD ./Drivers/STM32F1xx_HAL_Driver/Src/stm32f1xx_hal_adc_ex.o
LOAD ./Drivers/STM32F1xx_HAL_Driver/Src/stm32f1xx_hal_can.o
LOAD ./Drivers/STM32F1xx_HAL_Driver/Src/stm32f1xx_hal_cortex.o
LOAD ./Drivers/STM32F1xx_HAL_Driver/Src/stm32f1xx_hal_dma.o
LOAD ./Drivers/STM32F1xx_HAL_Driver/Src/stm32f1xx_hal_flash.o
LOAD ./Drivers/STM32F1xx_HAL_Driver/Src/stm32f1xx_hal_flash_ex.o
LOAD ./Drivers/STM32F1xx_HAL_Driver/Src/stm32f1xx_hal_gpio.o
LOAD ./Drivers/STM32F1xx_HAL_Driver/Src/stm32f1xx_hal_gpio_ex.o
LOAD ./Drivers/STM32F1xx_HAL_Driver/Src/stm32f1xx_hal_pwr.o
LOAD ./Drivers/STM32F1xx_HAL_Driver/Src/stm32f1xx_hal_rcc.o
LOAD ./Drivers/STM32F1xx_HAL_Driver/Src/stm32f1xx_hal_rcc_ex.o
LOAD ./Drivers/STM32F1xx_HAL_Driver/Src/stm32f1xx_hal_tim.o
LOAD ./Drivers/STM32F1xx_HAL_Driver/Src/stm32f1xx_hal_tim_ex.o
LOAD ./Drivers/STM32F1xx_HAL_Driver/Src/stm32f1xx_hal_uart.o
LOAD ./Drivers/STM32F1xx_HAL_Driver/Src/stm32f1xx_hal_usart.o
LOAD ./Src/FLASH_PAGE_F1.o
LOAD ./Src/adc.o
LOAD ./Src/calibrate.o
LOAD ./Src/can.o
LOAD ./Src/control.o
LOAD ./Src/dma.o
LOAD ./Src/gpio.o
LOAD ./Src/main.o
LOAD ./Src/power.o
LOAD ./Src/steering.o
LOAD ./Src/stm32f1xx_hal_msp.o
LOAD ./Src/stm32f1xx_it.o
LOAD ./Src/system_stm32f1xx.o
LOAD ./Src/tim.o
LOAD ./Src/timer.o
LOAD ./Src/usart.o
LOAD ./Src/wheels.o
LOAD ./Startup/startup_stm32f103rbtx.o
START GROUP
LOAD /opt/st/stm32cubeide_1.9.0/plugins/com.st.stm32cube.ide.mcu.externaltools.gnu-tools-for-stm32.10.3-2021.10.linux64_1.0.0.202111181127/tools/bin/../lib/gcc/arm-none-eabi/10.3.1/../../../../arm-none-eabi/lib/thumb/v7-m/nofp/libc_nano.a
LOAD /opt/st/stm32cubeide_1.9.0/plugins/com.st.stm32cube.ide.mcu.externaltools.gnu-tools-for-stm32.10.3-2021.10.linux64_1.0.0.202111181127/tools/bin/../lib/gcc/arm-none-eabi/10.3.1/../../../../arm-none-eabi/lib/thumb/v7-m/nofp/libm.a
END GROUP
START GROUP
LOAD /opt/st/stm32cubeide_1.9.0/plugins/com.st.stm32cube.ide.mcu.externaltools.gnu-tools-for-stm32.10.3-2021.10.linux64_1.0.0.202111181127/tools/bin/../lib/gcc/arm-none-eabi/10.3.1/thumb/v7-m/nofp/libgcc.a
LOAD /opt/st/stm32cubeide_1.9.0/plugins/com.st.stm32cube.ide.mcu.externaltools.gnu-tools-for-stm32.10.3-2021.10.linux64_1.0.0.202111181127/tools/bin/../lib/gcc/arm-none-eabi/10.3.1/../../../../arm-none-eabi/lib/thumb/v7-m/nofp/libc_nano.a
END GROUP
START GROUP
LOAD /opt/st/stm32cubeide_1.9.0/plugins/com.st.stm32cube.ide.mcu.externaltools.gnu-tools-for-stm32.10.3-2021.10.linux64_1.0.0.202111181127/tools/bin/../lib/gcc/arm-none-eabi/10.3.1/thumb/v7-m/nofp/libgcc.a
LOAD /opt/st/stm32cubeide_1.9.0/plugins/com.st.stm32cube.ide.mcu.externaltools.gnu-tools-for-stm32.10.3-2021.10.linux64_1.0.0.202111181127/tools/bin/../lib/gcc/arm-none-eabi/10.3.1/../../../../arm-none-eabi/lib/thumb/v7-m/nofp/libc_nano.a
LOAD /opt/st/stm32cubeide_1.9.0/plugins/com.st.stm32cube.ide.mcu.externaltools.gnu-tools-for-stm32.10.3-2021.10.linux64_1.0.0.202111181127/tools/bin/../lib/gcc/arm-none-eabi/10.3.1/../../../../arm-none-eabi/lib/thumb/v7-m/nofp/libnosys.a
END GROUP
START GROUP
LOAD /opt/st/stm32cubeide_1.9.0/plugins/com.st.stm32cube.ide.mcu.externaltools.gnu-tools-for-stm32.10.3-2021.10.linux64_1.0.0.202111181127/tools/bin/../lib/gcc/arm-none-eabi/10.3.1/thumb/v7-m/nofp/libgcc.a
LOAD /opt/st/stm32cubeide_1.9.0/plugins/com.st.stm32cube.ide.mcu.externaltools.gnu-tools-for-stm32.10.3-2021.10.linux64_1.0.0.202111181127/tools/bin/../lib/gcc/arm-none-eabi/10.3.1/../../../../arm-none-eabi/lib/thumb/v7-m/nofp/libc_nano.a
LOAD /opt/st/stm32cubeide_1.9.0/plugins/com.st.stm32cube.ide.mcu.externaltools.gnu-tools-for-stm32.10.3-2021.10.linux64_1.0.0.202111181127/tools/bin/../lib/gcc/arm-none-eabi/10.3.1/../../../../arm-none-eabi/lib/thumb/v7-m/nofp/libnosys.a
END GROUP
LOAD /opt/st/stm32cubeide_1.9.0/plugins/com.st.stm32cube.ide.mcu.externaltools.gnu-tools-for-stm32.10.3-2021.10.linux64_1.0.0.202111181127/tools/bin/../lib/gcc/arm-none-eabi/10.3.1/thumb/v7-m/nofp/crtend.o
LOAD /opt/st/stm32cubeide_1.9.0/plugins/com.st.stm32cube.ide.mcu.externaltools.gnu-tools-for-stm32.10.3-2021.10.linux64_1.0.0.202111181127/tools/bin/../lib/gcc/arm-none-eabi/10.3.1/thumb/v7-m/nofp/crtn.o
                0x0000000020005000                _estack = (ORIGIN (RAM) + LENGTH (RAM))
                0x0000000000000200                _Min_Heap_Size = 0x200
                0x0000000000000400                _Min_Stack_Size = 0x400

.isr_vector     0x0000000008000000      0x130
                0x0000000008000000                . = ALIGN (0x4)
 *(.isr_vector)
 .isr_vector    0x0000000008000000      0x130 ./Startup/startup_stm32f103rbtx.o
                0x0000000008000000                g_pfnVectors
                0x0000000008000130                . = ALIGN (0x4)

.text           0x0000000008000130     0x73a0
                0x0000000008000130                . = ALIGN (0x4)
 *(.text)
 .text          0x0000000008000130       0x40 /opt/st/stm32cubeide_1.9.0/plugins/com.st.stm32cube.ide.mcu.externaltools.gnu-tools-for-stm32.10.3-2021.10.linux64_1.0.0.202111181127/tools/bin/../lib/gcc/arm-none-eabi/10.3.1/thumb/v7-m/nofp/crtbegin.o
 .text          0x0000000008000170      0x378 /opt/st/stm32cubeide_1.9.0/plugins/com.st.stm32cube.ide.mcu.externaltools.gnu-tools-for-stm32.10.3-2021.10.linux64_1.0.0.202111181127/tools/bin/../lib/gcc/arm-none-eabi/10.3.1/thumb/v7-m/nofp/libgcc.a(_arm_addsubdf3.o)
                0x0000000008000170                __aeabi_drsub
                0x0000000008000178                __aeabi_dsub
                0x0000000008000178                __subdf3
                0x000000000800017c                __adddf3
                0x000000000800017c                __aeabi_dadd
                0x00000000080003f4                __aeabi_ui2d
                0x00000000080003f4                __floatunsidf
                0x0000000008000414                __floatsidf
                0x0000000008000414                __aeabi_i2d
                0x0000000008000438                __extendsfdf2
                0x0000000008000438                __aeabi_f2d
                0x000000000800047c                __aeabi_ul2d
                0x000000000800047c                __floatundidf
                0x000000000800048c                __floatdidf
                0x000000000800048c                __aeabi_l2d
 .text          0x00000000080004e8      0x424 /opt/st/stm32cubeide_1.9.0/plugins/com.st.stm32cube.ide.mcu.externaltools.gnu-tools-for-stm32.10.3-2021.10.linux64_1.0.0.202111181127/tools/bin/../lib/gcc/arm-none-eabi/10.3.1/thumb/v7-m/nofp/libgcc.a(_arm_muldivdf3.o)
                0x00000000080004e8                __aeabi_dmul
                0x00000000080004e8                __muldf3
                0x000000000800073c                __aeabi_ddiv
                0x000000000800073c                __divdf3
 .text          0x000000000800090c       0x50 /opt/st/stm32cubeide_1.9.0/plugins/com.st.stm32cube.ide.mcu.externaltools.gnu-tools-for-stm32.10.3-2021.10.linux64_1.0.0.202111181127/tools/bin/../lib/gcc/arm-none-eabi/10.3.1/thumb/v7-m/nofp/libgcc.a(_arm_fixdfsi.o)
                0x000000000800090c                __fixdfsi
                0x000000000800090c                __aeabi_d2iz
 .text          0x000000000800095c      0x21c /opt/st/stm32cubeide_1.9.0/plugins/com.st.stm32cube.ide.mcu.externaltools.gnu-tools-for-stm32.10.3-2021.10.linux64_1.0.0.202111181127/tools/bin/../lib/gcc/arm-none-eabi/10.3.1/thumb/v7-m/nofp/libgcc.a(_arm_addsubsf3.o)
                0x000000000800095c                __aeabi_frsub
                0x0000000008000964                __subsf3
                0x0000000008000964                __aeabi_fsub
                0x0000000008000968                __aeabi_fadd
                0x0000000008000968                __addsf3
                0x0000000008000ac8                __aeabi_ui2f
                0x0000000008000ac8                __floatunsisf
                0x0000000008000ad0                __aeabi_i2f
                0x0000000008000ad0                __floatsisf
                0x0000000008000aec                __floatundisf
                0x0000000008000aec                __aeabi_ul2f
                0x0000000008000afc                __floatdisf
                0x0000000008000afc                __aeabi_l2f
 .text          0x0000000008000b78      0x2a0 /opt/st/stm32cubeide_1.9.0/plugins/com.st.stm32cube.ide.mcu.externaltools.gnu-tools-for-stm32.10.3-2021.10.linux64_1.0.0.202111181127/tools/bin/../lib/gcc/arm-none-eabi/10.3.1/thumb/v7-m/nofp/libgcc.a(_arm_muldivsf3.o)
                0x0000000008000b78                __mulsf3
                0x0000000008000b78                __aeabi_fmul
                0x0000000008000ce0                __divsf3
                0x0000000008000ce0                __aeabi_fdiv
 .text          0x0000000008000e18       0xec /opt/st/stm32cubeide_1.9.0/plugins/com.st.stm32cube.ide.mcu.externaltools.gnu-tools-for-stm32.10.3-2021.10.linux64_1.0.0.202111181127/tools/bin/../lib/gcc/arm-none-eabi/10.3.1/thumb/v7-m/nofp/libgcc.a(_arm_cmpsf2.o)
                0x0000000008000e18                __gtsf2
                0x0000000008000e18                __gesf2
                0x0000000008000e20                __lesf2
                0x0000000008000e20                __ltsf2
                0x0000000008000e28                __nesf2
                0x0000000008000e28                __eqsf2
                0x0000000008000e28                __cmpsf2
                0x0000000008000e88                __aeabi_cfrcmple
                0x0000000008000e90                __aeabi_cfcmple
                0x0000000008000e90                __aeabi_cfcmpeq
                0x0000000008000ea0                __aeabi_fcmpeq
                0x0000000008000eb4                __aeabi_fcmplt
                0x0000000008000ec8                __aeabi_fcmple
                0x0000000008000edc                __aeabi_fcmpge
                0x0000000008000ef0                __aeabi_fcmpgt
 .text          0x0000000008000f04       0x4c /opt/st/stm32cubeide_1.9.0/plugins/com.st.stm32cube.ide.mcu.externaltools.gnu-tools-for-stm32.10.3-2021.10.linux64_1.0.0.202111181127/tools/bin/../lib/gcc/arm-none-eabi/10.3.1/thumb/v7-m/nofp/libgcc.a(_arm_fixsfsi.o)
                0x0000000008000f04                __fixsfsi
                0x0000000008000f04                __aeabi_f2iz
 .text          0x0000000008000f50       0x30 /opt/st/stm32cubeide_1.9.0/plugins/com.st.stm32cube.ide.mcu.externaltools.gnu-tools-for-stm32.10.3-2021.10.linux64_1.0.0.202111181127/tools/bin/../lib/gcc/arm-none-eabi/10.3.1/thumb/v7-m/nofp/libgcc.a(_aeabi_uldivmod.o)
                0x0000000008000f50                __aeabi_uldivmod
 .text          0x0000000008000f80      0x2d4 /opt/st/stm32cubeide_1.9.0/plugins/com.st.stm32cube.ide.mcu.externaltools.gnu-tools-for-stm32.10.3-2021.10.linux64_1.0.0.202111181127/tools/bin/../lib/gcc/arm-none-eabi/10.3.1/thumb/v7-m/nofp/libgcc.a(_udivmoddi4.o)
                0x0000000008000f80                __udivmoddi4
 .text          0x0000000008001254        0x4 /opt/st/stm32cubeide_1.9.0/plugins/com.st.stm32cube.ide.mcu.externaltools.gnu-tools-for-stm32.10.3-2021.10.linux64_1.0.0.202111181127/tools/bin/../lib/gcc/arm-none-eabi/10.3.1/thumb/v7-m/nofp/libgcc.a(_dvmd_tls.o)
                0x0000000008001254                __aeabi_ldiv0
                0x0000000008001254                __aeabi_idiv0
 *(.text*)
 .text.HAL_Init
                0x0000000008001258       0x2c ./Drivers/STM32F1xx_HAL_Driver/Src/stm32f1xx_hal.o
                0x0000000008001258                HAL_Init
 .text.HAL_InitTick
                0x0000000008001284       0x38 ./Drivers/STM32F1xx_HAL_Driver/Src/stm32f1xx_hal.o
                0x0000000008001284                HAL_InitTick
 .text.HAL_IncTick
                0x00000000080012bc       0x1c ./Drivers/STM32F1xx_HAL_Driver/Src/stm32f1xx_hal.o
                0x00000000080012bc                HAL_IncTick
 .text.HAL_GetTick
                0x00000000080012d8       0x14 ./Drivers/STM32F1xx_HAL_Driver/Src/stm32f1xx_hal.o
                0x00000000080012d8                HAL_GetTick
 .text.HAL_Delay
                0x00000000080012ec       0x3c ./Drivers/STM32F1xx_HAL_Driver/Src/stm32f1xx_hal.o
                0x00000000080012ec                HAL_Delay
 .text.HAL_ADC_Init
                0x0000000008001328      0x1b0 ./Drivers/STM32F1xx_HAL_Driver/Src/stm32f1xx_hal_adc.o
                0x0000000008001328                HAL_ADC_Init
 .text.HAL_ADC_Start_DMA
                0x00000000080014d8      0x1bc ./Drivers/STM32F1xx_HAL_Driver/Src/stm32f1xx_hal_adc.o
                0x00000000080014d8                HAL_ADC_Start_DMA
 .text.HAL_ADC_ConvCpltCallback
                0x0000000008001694       0x12 ./Drivers/STM32F1xx_HAL_Driver/Src/stm32f1xx_hal_adc.o
                0x0000000008001694                HAL_ADC_ConvCpltCallback
 .text.HAL_ADC_ConvHalfCpltCallback
                0x00000000080016a6       0x12 ./Drivers/STM32F1xx_HAL_Driver/Src/stm32f1xx_hal_adc.o
                0x00000000080016a6                HAL_ADC_ConvHalfCpltCallback
 .text.HAL_ADC_ErrorCallback
                0x00000000080016b8       0x12 ./Drivers/STM32F1xx_HAL_Driver/Src/stm32f1xx_hal_adc.o
                0x00000000080016b8                HAL_ADC_ErrorCallback
 *fill*         0x00000000080016ca        0x2 
 .text.HAL_ADC_ConfigChannel
                0x00000000080016cc      0x1f0 ./Drivers/STM32F1xx_HAL_Driver/Src/stm32f1xx_hal_adc.o
                0x00000000080016cc                HAL_ADC_ConfigChannel
 .text.ADC_Enable
                0x00000000080018bc       0xa4 ./Drivers/STM32F1xx_HAL_Driver/Src/stm32f1xx_hal_adc.o
                0x00000000080018bc                ADC_Enable
 .text.ADC_ConversionStop_Disable
                0x0000000008001960       0x74 ./Drivers/STM32F1xx_HAL_Driver/Src/stm32f1xx_hal_adc.o
                0x0000000008001960                ADC_ConversionStop_Disable
 .text.ADC_DMAConvCplt
                0x00000000080019d4       0x7c ./Drivers/STM32F1xx_HAL_Driver/Src/stm32f1xx_hal_adc.o
                0x00000000080019d4                ADC_DMAConvCplt
 .text.ADC_DMAHalfConvCplt
                0x0000000008001a50       0x1c ./Drivers/STM32F1xx_HAL_Driver/Src/stm32f1xx_hal_adc.o
                0x0000000008001a50                ADC_DMAHalfConvCplt
 .text.ADC_DMAError
                0x0000000008001a6c       0x34 ./Drivers/STM32F1xx_HAL_Driver/Src/stm32f1xx_hal_adc.o
                0x0000000008001a6c                ADC_DMAError
 .text.HAL_CAN_Init
                0x0000000008001aa0      0x202 ./Drivers/STM32F1xx_HAL_Driver/Src/stm32f1xx_hal_can.o
                0x0000000008001aa0                HAL_CAN_Init
 .text.HAL_CAN_ConfigFilter
                0x0000000008001ca2      0x1a2 ./Drivers/STM32F1xx_HAL_Driver/Src/stm32f1xx_hal_can.o
                0x0000000008001ca2                HAL_CAN_ConfigFilter
 .text.HAL_CAN_Transmit
                0x0000000008001e44      0x36c ./Drivers/STM32F1xx_HAL_Driver/Src/stm32f1xx_hal_can.o
                0x0000000008001e44                HAL_CAN_Transmit
 .text.HAL_CAN_IRQHandler
                0x00000000080021b0      0x488 ./Drivers/STM32F1xx_HAL_Driver/Src/stm32f1xx_hal_can.o
                0x00000000080021b0                HAL_CAN_IRQHandler
 .text.HAL_CAN_TxCpltCallback
                0x0000000008002638       0x12 ./Drivers/STM32F1xx_HAL_Driver/Src/stm32f1xx_hal_can.o
                0x0000000008002638                HAL_CAN_TxCpltCallback
 .text.HAL_CAN_ErrorCallback
                0x000000000800264a       0x12 ./Drivers/STM32F1xx_HAL_Driver/Src/stm32f1xx_hal_can.o
                0x000000000800264a                HAL_CAN_ErrorCallback
 .text.CAN_Transmit_IT
                0x000000000800265c       0x86 ./Drivers/STM32F1xx_HAL_Driver/Src/stm32f1xx_hal_can.o
 .text.CAN_Receive_IT
                0x00000000080026e2      0x278 ./Drivers/STM32F1xx_HAL_Driver/Src/stm32f1xx_hal_can.o
 *fill*         0x000000000800295a        0x2 
 .text.NVIC_SetPriorityGrouping
                0x000000000800295c       0x48 ./Drivers/STM32F1xx_HAL_Driver/Src/stm32f1xx_hal_cortex.o
 .text.NVIC_GetPriorityGrouping
                0x00000000080029a4       0x1c ./Drivers/STM32F1xx_HAL_Driver/Src/stm32f1xx_hal_cortex.o
 .text.NVIC_EnableIRQ
                0x00000000080029c0       0x30 ./Drivers/STM32F1xx_HAL_Driver/Src/stm32f1xx_hal_cortex.o
 .text.NVIC_SetPriority
                0x00000000080029f0       0x54 ./Drivers/STM32F1xx_HAL_Driver/Src/stm32f1xx_hal_cortex.o
 .text.NVIC_EncodePriority
                0x0000000008002a44       0x64 ./Drivers/STM32F1xx_HAL_Driver/Src/stm32f1xx_hal_cortex.o
 .text.SysTick_Config
                0x0000000008002aa8       0x44 ./Drivers/STM32F1xx_HAL_Driver/Src/stm32f1xx_hal_cortex.o
 .text.HAL_NVIC_SetPriorityGrouping
                0x0000000008002aec       0x16 ./Drivers/STM32F1xx_HAL_Driver/Src/stm32f1xx_hal_cortex.o
                0x0000000008002aec                HAL_NVIC_SetPriorityGrouping
 .text.HAL_NVIC_SetPriority
                0x0000000008002b02       0x38 ./Drivers/STM32F1xx_HAL_Driver/Src/stm32f1xx_hal_cortex.o
                0x0000000008002b02                HAL_NVIC_SetPriority
 .text.HAL_NVIC_EnableIRQ
                0x0000000008002b3a       0x1c ./Drivers/STM32F1xx_HAL_Driver/Src/stm32f1xx_hal_cortex.o
                0x0000000008002b3a                HAL_NVIC_EnableIRQ
 .text.HAL_SYSTICK_Config
                0x0000000008002b56       0x18 ./Drivers/STM32F1xx_HAL_Driver/Src/stm32f1xx_hal_cortex.o
                0x0000000008002b56                HAL_SYSTICK_Config
 *fill*         0x0000000008002b6e        0x2 
 .text.HAL_SYSTICK_CLKSourceConfig
                0x0000000008002b70       0x38 ./Drivers/STM32F1xx_HAL_Driver/Src/stm32f1xx_hal_cortex.o
                0x0000000008002b70                HAL_SYSTICK_CLKSourceConfig
 .text.HAL_SYSTICK_IRQHandler
                0x0000000008002ba8        0xc ./Drivers/STM32F1xx_HAL_Driver/Src/stm32f1xx_hal_cortex.o
                0x0000000008002ba8                HAL_SYSTICK_IRQHandler
 .text.HAL_SYSTICK_Callback
                0x0000000008002bb4        0xc ./Drivers/STM32F1xx_HAL_Driver/Src/stm32f1xx_hal_cortex.o
                0x0000000008002bb4                HAL_SYSTICK_Callback
 .text.HAL_DMA_Init
                0x0000000008002bc0       0xcc ./Drivers/STM32F1xx_HAL_Driver/Src/stm32f1xx_hal_dma.o
                0x0000000008002bc0                HAL_DMA_Init
 .text.HAL_DMA_Start_IT
                0x0000000008002c8c       0xbe ./Drivers/STM32F1xx_HAL_Driver/Src/stm32f1xx_hal_dma.o
                0x0000000008002c8c                HAL_DMA_Start_IT
 *fill*         0x0000000008002d4a        0x2 
 .text.HAL_DMA_IRQHandler
                0x0000000008002d4c      0x20c ./Drivers/STM32F1xx_HAL_Driver/Src/stm32f1xx_hal_dma.o
                0x0000000008002d4c                HAL_DMA_IRQHandler
 .text.DMA_SetConfig
                0x0000000008002f58       0x5a ./Drivers/STM32F1xx_HAL_Driver/Src/stm32f1xx_hal_dma.o
 *fill*         0x0000000008002fb2        0x2 
 .text.HAL_FLASH_Program
                0x0000000008002fb4       0xe0 ./Drivers/STM32F1xx_HAL_Driver/Src/stm32f1xx_hal_flash.o
                0x0000000008002fb4                HAL_FLASH_Program
 .text.HAL_FLASH_Unlock
                0x0000000008003094       0x38 ./Drivers/STM32F1xx_HAL_Driver/Src/stm32f1xx_hal_flash.o
                0x0000000008003094                HAL_FLASH_Unlock
 .text.HAL_FLASH_Lock
                0x00000000080030cc       0x20 ./Drivers/STM32F1xx_HAL_Driver/Src/stm32f1xx_hal_flash.o
                0x00000000080030cc                HAL_FLASH_Lock
 .text.HAL_FLASH_GetError
                0x00000000080030ec       0x14 ./Drivers/STM32F1xx_HAL_Driver/Src/stm32f1xx_hal_flash.o
                0x00000000080030ec                HAL_FLASH_GetError
 .text.FLASH_Program_HalfWord
                0x0000000008003100       0x38 ./Drivers/STM32F1xx_HAL_Driver/Src/stm32f1xx_hal_flash.o
 .text.FLASH_WaitForLastOperation
                0x0000000008003138       0x8c ./Drivers/STM32F1xx_HAL_Driver/Src/stm32f1xx_hal_flash.o
                0x0000000008003138                FLASH_WaitForLastOperation
 .text.FLASH_SetErrorCode
                0x00000000080031c4       0xa0 ./Drivers/STM32F1xx_HAL_Driver/Src/stm32f1xx_hal_flash.o
 .text.HAL_FLASHEx_Erase
                0x0000000008003264       0xd8 ./Drivers/STM32F1xx_HAL_Driver/Src/stm32f1xx_hal_flash_ex.o
                0x0000000008003264                HAL_FLASHEx_Erase
 .text.FLASH_MassErase
                0x000000000800333c       0x38 ./Drivers/STM32F1xx_HAL_Driver/Src/stm32f1xx_hal_flash_ex.o
 .text.FLASH_PageErase
                0x0000000008003374       0x40 ./Drivers/STM32F1xx_HAL_Driver/Src/stm32f1xx_hal_flash_ex.o
                0x0000000008003374                FLASH_PageErase
 .text.HAL_GPIO_Init
                0x00000000080033b4      0x310 ./Drivers/STM32F1xx_HAL_Driver/Src/stm32f1xx_hal_gpio.o
                0x00000000080033b4                HAL_GPIO_Init
 .text.HAL_GPIO_ReadPin
                0x00000000080036c4       0x2e ./Drivers/STM32F1xx_HAL_Driver/Src/stm32f1xx_hal_gpio.o
                0x00000000080036c4                HAL_GPIO_ReadPin
 .text.HAL_GPIO_WritePin
                0x00000000080036f2       0x30 ./Drivers/STM32F1xx_HAL_Driver/Src/stm32f1xx_hal_gpio.o
                0x00000000080036f2                HAL_GPIO_WritePin
 *fill*         0x0000000008003722        0x2 
 .text.HAL_GPIO_EXTI_IRQHandler
                0x0000000008003724       0x30 ./Drivers/STM32F1xx_HAL_Driver/Src/stm32f1xx_hal_gpio.o
                0x0000000008003724                HAL_GPIO_EXTI_IRQHandler
 .text.HAL_RCC_OscConfig
                0x0000000008003754      0x4c8 ./Drivers/STM32F1xx_HAL_Driver/Src/stm32f1xx_hal_rcc.o
                0x0000000008003754                HAL_RCC_OscConfig
 .text.HAL_RCC_ClockConfig
                0x0000000008003c1c      0x1e8 ./Drivers/STM32F1xx_HAL_Driver/Src/stm32f1xx_hal_rcc.o
                0x0000000008003c1c                HAL_RCC_ClockConfig
 .text.HAL_RCC_GetSysClockFreq
                0x0000000008003e04       0xbc ./Drivers/STM32F1xx_HAL_Driver/Src/stm32f1xx_hal_rcc.o
                0x0000000008003e04                HAL_RCC_GetSysClockFreq
 .text.HAL_RCC_GetHCLKFreq
                0x0000000008003ec0       0x14 ./Drivers/STM32F1xx_HAL_Driver/Src/stm32f1xx_hal_rcc.o
                0x0000000008003ec0                HAL_RCC_GetHCLKFreq
 .text.HAL_RCC_GetPCLK1Freq
                0x0000000008003ed4       0x28 ./Drivers/STM32F1xx_HAL_Driver/Src/stm32f1xx_hal_rcc.o
                0x0000000008003ed4                HAL_RCC_GetPCLK1Freq
 .text.HAL_RCC_GetPCLK2Freq
                0x0000000008003efc       0x28 ./Drivers/STM32F1xx_HAL_Driver/Src/stm32f1xx_hal_rcc.o
                0x0000000008003efc                HAL_RCC_GetPCLK2Freq
 .text.RCC_Delay
                0x0000000008003f24       0x40 ./Drivers/STM32F1xx_HAL_Driver/Src/stm32f1xx_hal_rcc.o
 .text.HAL_RCCEx_PeriphCLKConfig
                0x0000000008003f64      0x16c ./Drivers/STM32F1xx_HAL_Driver/Src/stm32f1xx_hal_rcc_ex.o
                0x0000000008003f64                HAL_RCCEx_PeriphCLKConfig
 .text.HAL_TIM_Base_Init
                0x00000000080040d0       0x56 ./Drivers/STM32F1xx_HAL_Driver/Src/stm32f1xx_hal_tim.o
                0x00000000080040d0                HAL_TIM_Base_Init
 .text.HAL_TIM_PWM_Init
                0x0000000008004126       0x56 ./Drivers/STM32F1xx_HAL_Driver/Src/stm32f1xx_hal_tim.o
                0x0000000008004126                HAL_TIM_PWM_Init
 .text.HAL_TIM_PWM_Start
                0x000000000800417c       0x50 ./Drivers/STM32F1xx_HAL_Driver/Src/stm32f1xx_hal_tim.o
                0x000000000800417c                HAL_TIM_PWM_Start
 .text.HAL_TIM_IC_Init
                0x00000000080041cc       0x56 ./Drivers/STM32F1xx_HAL_Driver/Src/stm32f1xx_hal_tim.o
                0x00000000080041cc                HAL_TIM_IC_Init
 .text.HAL_TIM_IC_MspInit
                0x0000000008004222       0x12 ./Drivers/STM32F1xx_HAL_Driver/Src/stm32f1xx_hal_tim.o
                0x0000000008004222                HAL_TIM_IC_MspInit
 .text.HAL_TIM_IC_Start_IT
                0x0000000008004234       0xc0 ./Drivers/STM32F1xx_HAL_Driver/Src/stm32f1xx_hal_tim.o
                0x0000000008004234                HAL_TIM_IC_Start_IT
 .text.HAL_TIM_IRQHandler
                0x00000000080042f4      0x210 ./Drivers/STM32F1xx_HAL_Driver/Src/stm32f1xx_hal_tim.o
                0x00000000080042f4                HAL_TIM_IRQHandler
 .text.HAL_TIM_IC_ConfigChannel
                0x0000000008004504      0x138 ./Drivers/STM32F1xx_HAL_Driver/Src/stm32f1xx_hal_tim.o
                0x0000000008004504                HAL_TIM_IC_ConfigChannel
 .text.HAL_TIM_PWM_ConfigChannel
                0x000000000800463c      0x18c ./Drivers/STM32F1xx_HAL_Driver/Src/stm32f1xx_hal_tim.o
                0x000000000800463c                HAL_TIM_PWM_ConfigChannel
 .text.HAL_TIM_ConfigClockSource
                0x00000000080047c8      0x1d6 ./Drivers/STM32F1xx_HAL_Driver/Src/stm32f1xx_hal_tim.o
                0x00000000080047c8                HAL_TIM_ConfigClockSource
 *fill*         0x000000000800499e        0x2 
 .text.HAL_TIM_ReadCapturedValue
                0x00000000080049a0       0xa4 ./Drivers/STM32F1xx_HAL_Driver/Src/stm32f1xx_hal_tim.o
                0x00000000080049a0                HAL_TIM_ReadCapturedValue
 .text.HAL_TIM_OC_DelayElapsedCallback
                0x0000000008004a44       0x12 ./Drivers/STM32F1xx_HAL_Driver/Src/stm32f1xx_hal_tim.o
                0x0000000008004a44                HAL_TIM_OC_DelayElapsedCallback
 .text.HAL_TIM_PWM_PulseFinishedCallback
                0x0000000008004a56       0x12 ./Drivers/STM32F1xx_HAL_Driver/Src/stm32f1xx_hal_tim.o
                0x0000000008004a56                HAL_TIM_PWM_PulseFinishedCallback
 .text.HAL_TIM_TriggerCallback
                0x0000000008004a68       0x12 ./Drivers/STM32F1xx_HAL_Driver/Src/stm32f1xx_hal_tim.o
                0x0000000008004a68                HAL_TIM_TriggerCallback
 *fill*         0x0000000008004a7a        0x2 
 .text.TIM_Base_SetConfig
                0x0000000008004a7c       0xcc ./Drivers/STM32F1xx_HAL_Driver/Src/stm32f1xx_hal_tim.o
                0x0000000008004a7c                TIM_Base_SetConfig
 .text.TIM_OC1_SetConfig
                0x0000000008004b48       0xd8 ./Drivers/STM32F1xx_HAL_Driver/Src/stm32f1xx_hal_tim.o
 .text.TIM_OC2_SetConfig
                0x0000000008004c20       0xe0 ./Drivers/STM32F1xx_HAL_Driver/Src/stm32f1xx_hal_tim.o
                0x0000000008004c20                TIM_OC2_SetConfig
 .text.TIM_OC3_SetConfig
                0x0000000008004d00       0xe0 ./Drivers/STM32F1xx_HAL_Driver/Src/stm32f1xx_hal_tim.o
 .text.TIM_OC4_SetConfig
                0x0000000008004de0       0xa8 ./Drivers/STM32F1xx_HAL_Driver/Src/stm32f1xx_hal_tim.o
 .text.TIM_TI1_SetConfig
                0x0000000008004e88       0xbc ./Drivers/STM32F1xx_HAL_Driver/Src/stm32f1xx_hal_tim.o
                0x0000000008004e88                TIM_TI1_SetConfig
 .text.TIM_TI1_ConfigInputStage
                0x0000000008004f44       0x64 ./Drivers/STM32F1xx_HAL_Driver/Src/stm32f1xx_hal_tim.o
 .text.TIM_TI2_SetConfig
                0x0000000008004fa8       0x80 ./Drivers/STM32F1xx_HAL_Driver/Src/stm32f1xx_hal_tim.o
 .text.TIM_TI2_ConfigInputStage
                0x0000000008005028       0x66 ./Drivers/STM32F1xx_HAL_Driver/Src/stm32f1xx_hal_tim.o
 .text.TIM_TI3_SetConfig
                0x000000000800508e       0x7e ./Drivers/STM32F1xx_HAL_Driver/Src/stm32f1xx_hal_tim.o
 .text.TIM_TI4_SetConfig
                0x000000000800510c       0x80 ./Drivers/STM32F1xx_HAL_Driver/Src/stm32f1xx_hal_tim.o
 .text.TIM_ITRx_SetConfig
                0x000000000800518c       0x3e ./Drivers/STM32F1xx_HAL_Driver/Src/stm32f1xx_hal_tim.o
 .text.TIM_ETR_SetConfig
                0x00000000080051ca       0x42 ./Drivers/STM32F1xx_HAL_Driver/Src/stm32f1xx_hal_tim.o
 .text.TIM_CCxChannelCmd
                0x000000000800520c       0x44 ./Drivers/STM32F1xx_HAL_Driver/Src/stm32f1xx_hal_tim.o
                0x000000000800520c                TIM_CCxChannelCmd
 .text.HAL_TIMEx_OCN_Start
                0x0000000008005250       0x42 ./Drivers/STM32F1xx_HAL_Driver/Src/stm32f1xx_hal_tim_ex.o
                0x0000000008005250                HAL_TIMEx_OCN_Start
 .text.HAL_TIMEx_ConfigBreakDeadTime
                0x0000000008005292       0xb0 ./Drivers/STM32F1xx_HAL_Driver/Src/stm32f1xx_hal_tim_ex.o
                0x0000000008005292                HAL_TIMEx_ConfigBreakDeadTime
 .text.HAL_TIMEx_MasterConfigSynchronization
                0x0000000008005342       0x88 ./Drivers/STM32F1xx_HAL_Driver/Src/stm32f1xx_hal_tim_ex.o
                0x0000000008005342                HAL_TIMEx_MasterConfigSynchronization
 .text.HAL_TIMEx_CommutationCallback
                0x00000000080053ca       0x12 ./Drivers/STM32F1xx_HAL_Driver/Src/stm32f1xx_hal_tim_ex.o
                0x00000000080053ca                HAL_TIMEx_CommutationCallback
 .text.HAL_TIMEx_BreakCallback
                0x00000000080053dc       0x12 ./Drivers/STM32F1xx_HAL_Driver/Src/stm32f1xx_hal_tim_ex.o
                0x00000000080053dc                HAL_TIMEx_BreakCallback
 .text.TIM_CCxNChannelCmd
                0x00000000080053ee       0x44 ./Drivers/STM32F1xx_HAL_Driver/Src/stm32f1xx_hal_tim_ex.o
 .text.HAL_UART_Init
                0x0000000008005432       0x9a ./Drivers/STM32F1xx_HAL_Driver/Src/stm32f1xx_hal_uart.o
                0x0000000008005432                HAL_UART_Init
 .text.UART_SetConfig
                0x00000000080054cc      0x230 ./Drivers/STM32F1xx_HAL_Driver/Src/stm32f1xx_hal_uart.o
 .text.GetPage  0x00000000080056fc       0x4e ./Src/FLASH_PAGE_F1.o
 .text.float2Bytes
                0x000000000800574a       0x3e ./Src/FLASH_PAGE_F1.o
                0x000000000800574a                float2Bytes
 .text.Bytes2float
                0x0000000008005788       0x3c ./Src/FLASH_PAGE_F1.o
                0x0000000008005788                Bytes2float
 .text.Flash_Write_Data
                0x00000000080057c4       0xb8 ./Src/FLASH_PAGE_F1.o
                0x00000000080057c4                Flash_Write_Data
 .text.Flash_Read_Data
                0x000000000800587c       0x3a ./Src/FLASH_PAGE_F1.o
                0x000000000800587c                Flash_Read_Data
 *fill*         0x00000000080058b6        0x2 
 .text.Flash_Write_NUM
                0x00000000080058b8       0x28 ./Src/FLASH_PAGE_F1.o
                0x00000000080058b8                Flash_Write_NUM
 .text.Flash_Read_NUM
                0x00000000080058e0       0x2c ./Src/FLASH_PAGE_F1.o
                0x00000000080058e0                Flash_Read_NUM
 .text.MX_ADC1_Init
                0x000000000800590c      0x100 ./Src/adc.o
                0x000000000800590c                MX_ADC1_Init
 .text.HAL_ADC_MspInit
                0x0000000008005a0c       0xcc ./Src/adc.o
                0x0000000008005a0c                HAL_ADC_MspInit
 .text.is_blue_button_pressed
                0x0000000008005ad8       0x24 ./Src/calibrate.o
                0x0000000008005ad8                is_blue_button_pressed
 .text.calibrate
                0x0000000008005afc      0x1d4 ./Src/calibrate.o
                0x0000000008005afc                calibrate
 .text.MX_CAN_Init
                0x0000000008005cd0       0x88 ./Src/can.o
                0x0000000008005cd0                MX_CAN_Init
 .text.HAL_CAN_MspInit
                0x0000000008005d58       0x9c ./Src/can.o
                0x0000000008005d58                HAL_CAN_MspInit
 .text.CAN_FilterConfig
                0x0000000008005df4       0x58 ./Src/can.o
                0x0000000008005df4                CAN_FilterConfig
 .text.CAN_Send
                0x0000000008005e4c       0x78 ./Src/can.o
                0x0000000008005e4c                CAN_Send
 .text.read_mode
                0x0000000008005ec4       0x1a ./Src/can.o
                0x0000000008005ec4                read_mode
 *fill*         0x0000000008005ede        0x2 
 .text.HAL_CAN_RxCpltCallback
                0x0000000008005ee0       0xbc ./Src/can.o
                0x0000000008005ee0                HAL_CAN_RxCpltCallback
 .text.car_control
                0x0000000008005f9c       0x58 ./Src/control.o
                0x0000000008005f9c                car_control
 .text.MX_DMA_Init
                0x0000000008005ff4       0x3c ./Src/dma.o
                0x0000000008005ff4                MX_DMA_Init
 .text.MX_GPIO_Init
                0x0000000008006030      0x154 ./Src/gpio.o
                0x0000000008006030                MX_GPIO_Init
 .text.HAL_TIM_PeriodElapsedCallback
                0x0000000008006184       0x54 ./Src/main.o
                0x0000000008006184                HAL_TIM_PeriodElapsedCallback
 .text.HAL_TIM_IC_CaptureCallback
                0x00000000080061d8       0xa8 ./Src/main.o
                0x00000000080061d8                HAL_TIM_IC_CaptureCallback
 .text.HAL_GPIO_EXTI_Callback
                0x0000000008006280       0x6c ./Src/main.o
                0x0000000008006280                HAL_GPIO_EXTI_Callback
 .text.SYS_MicroDelay
                0x00000000080062ec       0x30 ./Src/main.o
                0x00000000080062ec                SYS_MicroDelay
 .text.main     0x000000000800631c      0x420 ./Src/main.o
                0x000000000800631c                main
 .text.SystemClock_Config
                0x000000000800673c       0xc4 ./Src/main.o
                0x000000000800673c                SystemClock_Config
 .text._Error_Handler
                0x0000000008006800       0x14 ./Src/main.o
                0x0000000008006800                _Error_Handler
 .text.power_boostrap
                0x0000000008006814       0x18 ./Src/power.o
                0x0000000008006814                power_boostrap
 *fill*         0x000000000800682c        0x4 
 .text.steering_set_speed
                0x0000000008006830       0xc4 ./Src/steering.o
                0x0000000008006830                steering_set_speed
 .text.steering_get_angle
                0x00000000080068f4       0x80 ./Src/steering.o
                0x00000000080068f4                steering_get_angle
 .text.steering_move_with_button
                0x0000000008006974       0xc4 ./Src/steering.o
                0x0000000008006974                steering_move_with_button
 .text.readCalibrationData
                0x0000000008006a38       0x30 ./Src/steering.o
                0x0000000008006a38                readCalibrationData
 .text.HAL_MspInit
                0x0000000008006a68       0xa0 ./Src/stm32f1xx_hal_msp.o
                0x0000000008006a68                HAL_MspInit
 .text.SVC_Handler
                0x0000000008006b08        0xc ./Src/stm32f1xx_it.o
                0x0000000008006b08                SVC_Handler
 .text.PendSV_Handler
                0x0000000008006b14        0xc ./Src/stm32f1xx_it.o
                0x0000000008006b14                PendSV_Handler
 .text.SysTick_Handler
                0x0000000008006b20       0x84 ./Src/stm32f1xx_it.o
                0x0000000008006b20                SysTick_Handler
 .text.DMA1_Channel1_IRQHandler
                0x0000000008006ba4       0x14 ./Src/stm32f1xx_it.o
                0x0000000008006ba4                DMA1_Channel1_IRQHandler
 .text.USB_LP_CAN_RX0_IRQHandler
                0x0000000008006bb8       0x14 ./Src/stm32f1xx_it.o
                0x0000000008006bb8                USB_LP_CAN_RX0_IRQHandler
 .text.TIM2_IRQHandler
                0x0000000008006bcc       0x14 ./Src/stm32f1xx_it.o
                0x0000000008006bcc                TIM2_IRQHandler
 .text.TIM3_IRQHandler
                0x0000000008006be0       0x14 ./Src/stm32f1xx_it.o
                0x0000000008006be0                TIM3_IRQHandler
 .text.TIM4_IRQHandler
                0x0000000008006bf4       0x14 ./Src/stm32f1xx_it.o
                0x0000000008006bf4                TIM4_IRQHandler
 .text.EXTI9_5_IRQHandler
                0x0000000008006c08       0x1e ./Src/stm32f1xx_it.o
                0x0000000008006c08                EXTI9_5_IRQHandler
 *fill*         0x0000000008006c26        0x2 
 .text.SystemInit
                0x0000000008006c28       0x68 ./Src/system_stm32f1xx.o
                0x0000000008006c28                SystemInit
 .text.MX_TIM1_Init
                0x0000000008006c90      0x130 ./Src/tim.o
                0x0000000008006c90                MX_TIM1_Init
 .text.MX_TIM2_Init
                0x0000000008006dc0       0xd4 ./Src/tim.o
                0x0000000008006dc0                MX_TIM2_Init
 .text.MX_TIM3_Init
                0x0000000008006e94       0x50 ./Src/tim.o
                0x0000000008006e94                MX_TIM3_Init
 .text.MX_TIM4_Init
                0x0000000008006ee4       0xd8 ./Src/tim.o
                0x0000000008006ee4                MX_TIM4_Init
 .text.HAL_TIM_PWM_MspInit
                0x0000000008006fbc       0x3c ./Src/tim.o
                0x0000000008006fbc                HAL_TIM_PWM_MspInit
 .text.HAL_TIM_Base_MspInit
                0x0000000008006ff8      0x10c ./Src/tim.o
                0x0000000008006ff8                HAL_TIM_Base_MspInit
 .text.HAL_TIM_MspPostInit
                0x0000000008007104       0x74 ./Src/tim.o
                0x0000000008007104                HAL_TIM_MspPostInit
 .text.startMicroSecondCounter
                0x0000000008007178       0x1c ./Src/timer.o
                0x0000000008007178                startMicroSecondCounter
 .text.microSecondTimerOverflow
                0x0000000008007194       0x24 ./Src/timer.o
                0x0000000008007194                microSecondTimerOverflow
 .text.microSecond
                0x00000000080071b8       0x60 ./Src/timer.o
                0x00000000080071b8                microSecond
 .text.MX_USART2_UART_Init
                0x0000000008007218       0x5c ./Src/usart.o
                0x0000000008007218                MX_USART2_UART_Init
 .text.HAL_UART_MspInit
                0x0000000008007274       0x58 ./Src/usart.o
                0x0000000008007274                HAL_UART_MspInit
 .text.wheels_set_speed
                0x00000000080072cc      0x150 ./Src/wheels.o
                0x00000000080072cc                wheels_set_speed
 .text.Reset_Handler
                0x000000000800741c       0x50 ./Startup/startup_stm32f103rbtx.o
                0x000000000800741c                Reset_Handler
 .text.Default_Handler
                0x000000000800746c        0x2 ./Startup/startup_stm32f103rbtx.o
                0x000000000800746c                EXTI2_IRQHandler
                0x000000000800746c                TIM8_TRG_COM_IRQHandler
                0x000000000800746c                TIM8_CC_IRQHandler
                0x000000000800746c                DebugMon_Handler
                0x000000000800746c                TIM1_CC_IRQHandler
                0x000000000800746c                HardFault_Handler
                0x000000000800746c                TIM6_IRQHandler
                0x000000000800746c                PVD_IRQHandler
                0x000000000800746c                SDIO_IRQHandler
                0x000000000800746c                NMI_Handler
                0x000000000800746c                EXTI3_IRQHandler
                0x000000000800746c                USB_HP_CAN_TX_IRQHandler
                0x000000000800746c                EXTI0_IRQHandler
                0x000000000800746c                I2C2_EV_IRQHandler
                0x000000000800746c                UsageFault_Handler
                0x000000000800746c                ADC1_2_IRQHandler
                0x000000000800746c                SPI1_IRQHandler
                0x000000000800746c                CAN_SCE_IRQHandler
                0x000000000800746c                TAMPER_IRQHandler
                0x000000000800746c                TIM8_UP_IRQHandler
                0x000000000800746c                DMA2_Channel2_IRQHandler
                0x000000000800746c                DMA1_Channel4_IRQHandler
                0x000000000800746c                USART3_IRQHandler
                0x000000000800746c                RTC_IRQHandler
                0x000000000800746c                DMA1_Channel7_IRQHandler
                0x000000000800746c                UART5_IRQHandler
                0x000000000800746c                ADC3_IRQHandler
                0x000000000800746c                CAN_RX1_IRQHandler
                0x000000000800746c                DMA2_Channel1_IRQHandler
                0x000000000800746c                I2C1_EV_IRQHandler
                0x000000000800746c                DMA1_Channel6_IRQHandler
                0x000000000800746c                UART4_IRQHandler
                0x000000000800746c                RCC_IRQHandler
                0x000000000800746c                TIM1_TRG_COM_IRQHandler
                0x000000000800746c                Default_Handler
                0x000000000800746c                EXTI15_10_IRQHandler
                0x000000000800746c                TIM7_IRQHandler
                0x000000000800746c                TIM5_IRQHandler
                0x000000000800746c                SPI2_IRQHandler
                0x000000000800746c                MemManage_Handler
                0x000000000800746c                DMA1_Channel5_IRQHandler
                0x000000000800746c                EXTI4_IRQHandler
                0x000000000800746c                DMA1_Channel3_IRQHandler
                0x000000000800746c                FSMC_IRQHandler
                0x000000000800746c                TIM1_UP_IRQHandler
                0x000000000800746c                WWDG_IRQHandler
                0x000000000800746c                TIM1_BRK_IRQHandler
                0x000000000800746c                EXTI1_IRQHandler
                0x000000000800746c                RTCAlarm_IRQHandler
                0x000000000800746c                DMA2_Channel4_5_IRQHandler
                0x000000000800746c                USART2_IRQHandler
                0x000000000800746c                I2C2_ER_IRQHandler
                0x000000000800746c                DMA1_Channel2_IRQHandler
                0x000000000800746c                TIM8_BRK_IRQHandler
                0x000000000800746c                FLASH_IRQHandler
                0x000000000800746c                BusFault_Handler
                0x000000000800746c                USART1_IRQHandler
                0x000000000800746c                SPI3_IRQHandler
                0x000000000800746c                I2C1_ER_IRQHandler
                0x000000000800746c                DMA2_Channel3_IRQHandler
 *fill*         0x000000000800746e        0x2 
 .text.__libc_init_array
                0x0000000008007470       0x48 /opt/st/stm32cubeide_1.9.0/plugins/com.st.stm32cube.ide.mcu.externaltools.gnu-tools-for-stm32.10.3-2021.10.linux64_1.0.0.202111181127/tools/bin/../lib/gcc/arm-none-eabi/10.3.1/../../../../arm-none-eabi/lib/thumb/v7-m/nofp/libc_nano.a(lib_a-init.o)
                0x0000000008007470                __libc_init_array
 *(.glue_7)
 .glue_7        0x00000000080074b8        0x0 linker stubs
 *(.glue_7t)
 .glue_7t       0x00000000080074b8        0x0 linker stubs
 *(.eh_frame)
 .eh_frame      0x00000000080074b8        0x0 /opt/st/stm32cubeide_1.9.0/plugins/com.st.stm32cube.ide.mcu.externaltools.gnu-tools-for-stm32.10.3-2021.10.linux64_1.0.0.202111181127/tools/bin/../lib/gcc/arm-none-eabi/10.3.1/thumb/v7-m/nofp/crtbegin.o
 *(.init)
 .init          0x00000000080074b8        0x4 /opt/st/stm32cubeide_1.9.0/plugins/com.st.stm32cube.ide.mcu.externaltools.gnu-tools-for-stm32.10.3-2021.10.linux64_1.0.0.202111181127/tools/bin/../lib/gcc/arm-none-eabi/10.3.1/thumb/v7-m/nofp/crti.o
                0x00000000080074b8                _init
 .init          0x00000000080074bc        0x8 /opt/st/stm32cubeide_1.9.0/plugins/com.st.stm32cube.ide.mcu.externaltools.gnu-tools-for-stm32.10.3-2021.10.linux64_1.0.0.202111181127/tools/bin/../lib/gcc/arm-none-eabi/10.3.1/thumb/v7-m/nofp/crtn.o
 *(.fini)
 .fini          0x00000000080074c4        0x4 /opt/st/stm32cubeide_1.9.0/plugins/com.st.stm32cube.ide.mcu.externaltools.gnu-tools-for-stm32.10.3-2021.10.linux64_1.0.0.202111181127/tools/bin/../lib/gcc/arm-none-eabi/10.3.1/thumb/v7-m/nofp/crti.o
                0x00000000080074c4                _fini
 .fini          0x00000000080074c8        0x8 /opt/st/stm32cubeide_1.9.0/plugins/com.st.stm32cube.ide.mcu.externaltools.gnu-tools-for-stm32.10.3-2021.10.linux64_1.0.0.202111181127/tools/bin/../lib/gcc/arm-none-eabi/10.3.1/thumb/v7-m/nofp/crtn.o
                0x00000000080074d0                . = ALIGN (0x4)
                0x00000000080074d0                _etext = .

.vfp11_veneer   0x00000000080074d0        0x0
 .vfp11_veneer  0x00000000080074d0        0x0 linker stubs

.v4_bx          0x00000000080074d0        0x0
 .v4_bx         0x00000000080074d0        0x0 linker stubs

.iplt           0x00000000080074d0        0x0
 .iplt          0x00000000080074d0        0x0 /opt/st/stm32cubeide_1.9.0/plugins/com.st.stm32cube.ide.mcu.externaltools.gnu-tools-for-stm32.10.3-2021.10.linux64_1.0.0.202111181127/tools/bin/../lib/gcc/arm-none-eabi/10.3.1/thumb/v7-m/nofp/crtbegin.o

.rodata         0x00000000080074d0       0x80
                0x00000000080074d0                . = ALIGN (0x4)
 *(.rodata)
 .rodata        0x00000000080074d0       0x10 ./Drivers/STM32F1xx_HAL_Driver/Src/stm32f1xx_hal_rcc.o
 .rodata        0x00000000080074e0        0xd ./Src/adc.o
 *fill*         0x00000000080074ed        0x3 
 .rodata        0x00000000080074f0        0x8 ./Src/calibrate.o
 .rodata        0x00000000080074f8        0xd ./Src/can.o
 *fill*         0x0000000008007505        0x3 
 .rodata        0x0000000008007508        0xe ./Src/main.o
 *fill*         0x0000000008007516        0x2 
 .rodata        0x0000000008007518        0xd ./Src/tim.o
 *fill*         0x0000000008007525        0x3 
 .rodata        0x0000000008007528        0xf ./Src/usart.o
 *(.rodata*)
 *fill*         0x0000000008007537        0x1 
 .rodata.AHBPrescTable
                0x0000000008007538       0x10 ./Src/system_stm32f1xx.o
                0x0000000008007538                AHBPrescTable
 .rodata.APBPrescTable
                0x0000000008007548        0x8 ./Src/system_stm32f1xx.o
                0x0000000008007548                APBPrescTable
                0x0000000008007550                . = ALIGN (0x4)

.ARM.extab      0x0000000008007550        0x0
                0x0000000008007550                . = ALIGN (0x4)
 *(.ARM.extab* .gnu.linkonce.armextab.*)
                0x0000000008007550                . = ALIGN (0x4)

.ARM            0x0000000008007550        0x8
                0x0000000008007550                . = ALIGN (0x4)
                0x0000000008007550                __exidx_start = .
 *(.ARM.exidx*)
 .ARM.exidx     0x0000000008007550        0x8 /opt/st/stm32cubeide_1.9.0/plugins/com.st.stm32cube.ide.mcu.externaltools.gnu-tools-for-stm32.10.3-2021.10.linux64_1.0.0.202111181127/tools/bin/../lib/gcc/arm-none-eabi/10.3.1/thumb/v7-m/nofp/libgcc.a(_udivmoddi4.o)
                0x0000000008007558                __exidx_end = .
                0x0000000008007558                . = ALIGN (0x4)

.rel.dyn        0x0000000008007558        0x0
 .rel.iplt      0x0000000008007558        0x0 /opt/st/stm32cubeide_1.9.0/plugins/com.st.stm32cube.ide.mcu.externaltools.gnu-tools-for-stm32.10.3-2021.10.linux64_1.0.0.202111181127/tools/bin/../lib/gcc/arm-none-eabi/10.3.1/thumb/v7-m/nofp/crtbegin.o

.preinit_array  0x0000000008007558        0x0
                0x0000000008007558                . = ALIGN (0x4)
                0x0000000008007558                PROVIDE (__preinit_array_start = .)
 *(.preinit_array*)
                0x0000000008007558                PROVIDE (__preinit_array_end = .)
                0x0000000008007558                . = ALIGN (0x4)

.init_array     0x0000000008007558        0x4
                0x0000000008007558                . = ALIGN (0x4)
                0x0000000008007558                PROVIDE (__init_array_start = .)
 *(SORT_BY_NAME(.init_array.*))
 *(.init_array*)
 .init_array    0x0000000008007558        0x4 /opt/st/stm32cubeide_1.9.0/plugins/com.st.stm32cube.ide.mcu.externaltools.gnu-tools-for-stm32.10.3-2021.10.linux64_1.0.0.202111181127/tools/bin/../lib/gcc/arm-none-eabi/10.3.1/thumb/v7-m/nofp/crtbegin.o
                0x000000000800755c                PROVIDE (__init_array_end = .)
                0x000000000800755c                . = ALIGN (0x4)

.fini_array     0x000000000800755c        0x4
                0x000000000800755c                . = ALIGN (0x4)
                [!provide]                        PROVIDE (__fini_array_start = .)
 *(SORT_BY_NAME(.fini_array.*))
 *(.fini_array*)
 .fini_array    0x000000000800755c        0x4 /opt/st/stm32cubeide_1.9.0/plugins/com.st.stm32cube.ide.mcu.externaltools.gnu-tools-for-stm32.10.3-2021.10.linux64_1.0.0.202111181127/tools/bin/../lib/gcc/arm-none-eabi/10.3.1/thumb/v7-m/nofp/crtbegin.o
                [!provide]                        PROVIDE (__fini_array_end = .)
                0x0000000008007560                . = ALIGN (0x4)
                0x0000000008007560                _sidata = LOADADDR (.data)

.data           0x0000000020000000       0x40 load address 0x0000000008007560
                0x0000000020000000                . = ALIGN (0x4)
                0x0000000020000000                _sdata = .
 *(.data)
 *(.data*)
 .data.mode     0x0000000020000000        0x4 ./Src/main.o
                0x0000000020000000                mode
 .data.UPDATE_CMD_FLAG
                0x0000000020000004        0x4 ./Src/main.o
                0x0000000020000004                UPDATE_CMD_FLAG
 .data.US_FLAG  0x0000000020000008        0x4 ./Src/main.o
                0x0000000020000008                US_FLAG
 .data.CAN_SEND_MOTORS
                0x000000002000000c        0x4 ./Src/main.o
                0x000000002000000c                CAN_SEND_MOTORS
 .data.CAN_SEND_BATT
                0x0000000020000010        0x4 ./Src/main.o
                0x0000000020000010                CAN_SEND_BATT
 .data.usEchoStart
                0x0000000020000014        0x4 ./Src/main.o
                0x0000000020000014                usEchoStart
 .data.usTriggerPin
                0x0000000020000018        0xc ./Src/main.o
                0x0000000020000018                usTriggerPin
 .data.data     0x0000000020000024        0x8 ./Src/main.o
                0x0000000020000024                data
 .data.leftRearSpeed
                0x000000002000002c        0x4 ./Src/main.o
                0x000000002000002c                leftRearSpeed
 .data.rightRearSpeed
                0x0000000020000030        0x4 ./Src/main.o
                0x0000000020000030                rightRearSpeed
 .data.steeringSpeed
                0x0000000020000034        0x4 ./Src/main.o
                0x0000000020000034                steeringSpeed
 .data.need_read_calibration
                0x0000000020000038        0x4 ./Src/steering.o
                0x0000000020000038                need_read_calibration
 .data.SystemCoreClock
                0x000000002000003c        0x4 ./Src/system_stm32f1xx.o
                0x000000002000003c                SystemCoreClock
 *(.RamFunc)
 *(.RamFunc*)
                0x0000000020000040                . = ALIGN (0x4)
                0x0000000020000040                _edata = .

.igot.plt       0x0000000020000040        0x0 load address 0x00000000080075a0
 .igot.plt      0x0000000020000040        0x0 /opt/st/stm32cubeide_1.9.0/plugins/com.st.stm32cube.ide.mcu.externaltools.gnu-tools-for-stm32.10.3-2021.10.linux64_1.0.0.202111181127/tools/bin/../lib/gcc/arm-none-eabi/10.3.1/thumb/v7-m/nofp/crtbegin.o
                0x0000000020000040                . = ALIGN (0x4)

.bss            0x0000000020000040      0x310 load address 0x00000000080075a0
                0x0000000020000040                _sbss = .
                0x0000000020000040                __bss_start__ = _sbss
 *(.bss)
 .bss           0x0000000020000040       0x1c /opt/st/stm32cubeide_1.9.0/plugins/com.st.stm32cube.ide.mcu.externaltools.gnu-tools-for-stm32.10.3-2021.10.linux64_1.0.0.202111181127/tools/bin/../lib/gcc/arm-none-eabi/10.3.1/thumb/v7-m/nofp/crtbegin.o
 *(.bss*)
 .bss.uwTick    0x000000002000005c        0x4 ./Drivers/STM32F1xx_HAL_Driver/Src/stm32f1xx_hal.o
                0x000000002000005c                uwTick
 .bss.pFlash    0x0000000020000060       0x20 ./Drivers/STM32F1xx_HAL_Driver/Src/stm32f1xx_hal_flash.o
                0x0000000020000060                pFlash
 .bss.bytes_temp
                0x0000000020000080        0x4 ./Src/FLASH_PAGE_F1.o
                0x0000000020000080                bytes_temp
 .bss.EraseInitStruct.0
                0x0000000020000084       0x10 ./Src/FLASH_PAGE_F1.o
 .bss.hadc1     0x0000000020000094       0x30 ./Src/adc.o
                0x0000000020000094                hadc1
 .bss.hdma_adc1
                0x00000000200000c4       0x44 ./Src/adc.o
                0x00000000200000c4                hdma_adc1
 .bss.hcan      0x0000000020000108       0x44 ./Src/can.o
                0x0000000020000108                hcan
 .bss.CAN_SEND_US
                0x000000002000014c        0x4 ./Src/main.o
                0x000000002000014c                CAN_SEND_US
 .bss.ADCBUF    0x0000000020000150       0x14 ./Src/main.o
                0x0000000020000150                ADCBUF
 .bss.VMG_mes   0x0000000020000164        0x4 ./Src/main.o
                0x0000000020000164                VMG_mes
 .bss.VMD_mes   0x0000000020000168        0x4 ./Src/main.o
                0x0000000020000168                VMD_mes
 .bss.per_vitesseG
                0x000000002000016c        0x4 ./Src/main.o
                0x000000002000016c                per_vitesseG
 .bss.per_vitesseD
                0x0000000020000170        0x4 ./Src/main.o
                0x0000000020000170                per_vitesseD
 .bss.nbImpulsionG
                0x0000000020000174        0x4 ./Src/main.o
                0x0000000020000174                nbImpulsionG
 .bss.nbImpulsionD
                0x0000000020000178        0x4 ./Src/main.o
                0x0000000020000178                nbImpulsionD
 .bss.usEchoReceived
                0x000000002000017c        0x4 ./Src/main.o
                0x000000002000017c                usEchoReceived
 .bss.usEchoRisingTime
                0x0000000020000180        0x8 ./Src/main.o
                0x0000000020000180                usEchoRisingTime
 .bss.usEchoDuration
                0x0000000020000188        0x8 ./Src/main.o
                0x0000000020000188                usEchoDuration
 .bss.currentUs
                0x0000000020000190        0x4 ./Src/main.o
                0x0000000020000190                currentUs
 .bss.usDistance
                0x0000000020000194        0xc ./Src/main.o
                0x0000000020000194                usDistance
 .bss.TxMessage
                0x00000000200001a0       0x1c ./Src/main.o
                0x00000000200001a0                TxMessage
 .bss.RxMessage
                0x00000000200001bc       0x24 ./Src/main.o
                0x00000000200001bc                RxMessage
 .bss.commCheckingRequest
                0x00000000200001e0        0x4 ./Src/main.o
                0x00000000200001e0                commCheckingRequest
 .bss.steering_sensor_coef_a
                0x00000000200001e4        0x4 ./Src/steering.o
                0x00000000200001e4                steering_sensor_coef_a
 .bss.steering_sensor_coef_b
                0x00000000200001e8        0x4 ./Src/steering.o
                0x00000000200001e8                steering_sensor_coef_b
 .bss.previous_value_right.1
                0x00000000200001ec        0x4 ./Src/steering.o
 .bss.previous_value_left.0
                0x00000000200001f0        0x4 ./Src/steering.o
 .bss.cmpt_can_motors.2
                0x00000000200001f4        0x4 ./Src/stm32f1xx_it.o
 .bss.cmpt_us.1
                0x00000000200001f8        0x4 ./Src/stm32f1xx_it.o
 .bss.cmpt_batt.0
                0x00000000200001fc        0x4 ./Src/stm32f1xx_it.o
 .bss.htim1     0x0000000020000200       0x40 ./Src/tim.o
                0x0000000020000200                htim1
 .bss.htim2     0x0000000020000240       0x40 ./Src/tim.o
                0x0000000020000240                htim2
 .bss.htim3     0x0000000020000280       0x40 ./Src/tim.o
                0x0000000020000280                htim3
 .bss.htim4     0x00000000200002c0       0x40 ./Src/tim.o
                0x00000000200002c0                htim4
 .bss.timerOverflow
                0x0000000020000300        0x8 ./Src/timer.o
                0x0000000020000300                timerOverflow
 .bss.microSecondTime
                0x0000000020000308        0x8 ./Src/timer.o
                0x0000000020000308                microSecondTime
 .bss.huart2    0x0000000020000310       0x40 ./Src/usart.o
                0x0000000020000310                huart2
 *(COMMON)
                0x0000000020000350                . = ALIGN (0x4)
                0x0000000020000350                _ebss = .
                0x0000000020000350                __bss_end__ = _ebss

._user_heap_stack
                0x0000000020000350      0x600 load address 0x00000000080075a0
                0x0000000020000350                . = ALIGN (0x8)
                [!provide]                        PROVIDE (end = .)
                [!provide]                        PROVIDE (_end = .)
                0x0000000020000550                . = (. + _Min_Heap_Size)
 *fill*         0x0000000020000350      0x200 
                0x0000000020000950                . = (. + _Min_Stack_Size)
 *fill*         0x0000000020000550      0x400 
                0x0000000020000950                . = ALIGN (0x8)

/DISCARD/
 libc.a(*)
 libm.a(*)
 libgcc.a(*)

.ARM.attributes
                0x0000000000000000       0x29
 *(.ARM.attributes)
 .ARM.attributes
                0x0000000000000000       0x1d /opt/st/stm32cubeide_1.9.0/plugins/com.st.stm32cube.ide.mcu.externaltools.gnu-tools-for-stm32.10.3-2021.10.linux64_1.0.0.202111181127/tools/bin/../lib/gcc/arm-none-eabi/10.3.1/thumb/v7-m/nofp/crti.o
 .ARM.attributes
                0x000000000000001d       0x2d /opt/st/stm32cubeide_1.9.0/plugins/com.st.stm32cube.ide.mcu.externaltools.gnu-tools-for-stm32.10.3-2021.10.linux64_1.0.0.202111181127/tools/bin/../lib/gcc/arm-none-eabi/10.3.1/thumb/v7-m/nofp/crtbegin.o
 .ARM.attributes
                0x000000000000004a       0x2d ./Drivers/STM32F1xx_HAL_Driver/Src/stm32f1xx_hal.o
 .ARM.attributes
                0x0000000000000077       0x2d ./Drivers/STM32F1xx_HAL_Driver/Src/stm32f1xx_hal_adc.o
 .ARM.attributes
                0x00000000000000a4       0x2d ./Drivers/STM32F1xx_HAL_Driver/Src/stm32f1xx_hal_can.o
 .ARM.attributes
                0x00000000000000d1       0x2d ./Drivers/STM32F1xx_HAL_Driver/Src/stm32f1xx_hal_cortex.o
 .ARM.attributes
                0x00000000000000fe       0x2d ./Drivers/STM32F1xx_HAL_Driver/Src/stm32f1xx_hal_dma.o
 .ARM.attributes
                0x000000000000012b       0x2d ./Drivers/STM32F1xx_HAL_Driver/Src/stm32f1xx_hal_flash.o
 .ARM.attributes
                0x0000000000000158       0x2d ./Drivers/STM32F1xx_HAL_Driver/Src/stm32f1xx_hal_flash_ex.o
 .ARM.attributes
                0x0000000000000185       0x2d ./Drivers/STM32F1xx_HAL_Driver/Src/stm32f1xx_hal_gpio.o
 .ARM.attributes
                0x00000000000001b2       0x2d ./Drivers/STM32F1xx_HAL_Driver/Src/stm32f1xx_hal_rcc.o
 .ARM.attributes
                0x00000000000001df       0x2d ./Drivers/STM32F1xx_HAL_Driver/Src/stm32f1xx_hal_rcc_ex.o
 .ARM.attributes
                0x000000000000020c       0x2d ./Drivers/STM32F1xx_HAL_Driver/Src/stm32f1xx_hal_tim.o
 .ARM.attributes
                0x0000000000000239       0x2d ./Drivers/STM32F1xx_HAL_Driver/Src/stm32f1xx_hal_tim_ex.o
 .ARM.attributes
                0x0000000000000266       0x2d ./Drivers/STM32F1xx_HAL_Driver/Src/stm32f1xx_hal_uart.o
 .ARM.attributes
                0x0000000000000293       0x2d ./Src/FLASH_PAGE_F1.o
 .ARM.attributes
                0x00000000000002c0       0x2d ./Src/adc.o
 .ARM.attributes
                0x00000000000002ed       0x2d ./Src/calibrate.o
 .ARM.attributes
                0x000000000000031a       0x2d ./Src/can.o
 .ARM.attributes
                0x0000000000000347       0x2d ./Src/control.o
 .ARM.attributes
                0x0000000000000374       0x2d ./Src/dma.o
 .ARM.attributes
                0x00000000000003a1       0x2d ./Src/gpio.o
 .ARM.attributes
                0x00000000000003ce       0x2d ./Src/main.o
 .ARM.attributes
                0x00000000000003fb       0x2d ./Src/power.o
 .ARM.attributes
                0x0000000000000428       0x2d ./Src/steering.o
 .ARM.attributes
                0x0000000000000455       0x2d ./Src/stm32f1xx_hal_msp.o
 .ARM.attributes
                0x0000000000000482       0x2d ./Src/stm32f1xx_it.o
 .ARM.attributes
                0x00000000000004af       0x2d ./Src/system_stm32f1xx.o
 .ARM.attributes
                0x00000000000004dc       0x2d ./Src/tim.o
 .ARM.attributes
                0x0000000000000509       0x2d ./Src/timer.o
 .ARM.attributes
                0x0000000000000536       0x2d ./Src/usart.o
 .ARM.attributes
                0x0000000000000563       0x2d ./Src/wheels.o
 .ARM.attributes
                0x0000000000000590       0x21 ./Startup/startup_stm32f103rbtx.o
 .ARM.attributes
                0x00000000000005b1       0x2d /opt/st/stm32cubeide_1.9.0/plugins/com.st.stm32cube.ide.mcu.externaltools.gnu-tools-for-stm32.10.3-2021.10.linux64_1.0.0.202111181127/tools/bin/../lib/gcc/arm-none-eabi/10.3.1/../../../../arm-none-eabi/lib/thumb/v7-m/nofp/libc_nano.a(lib_a-init.o)
 .ARM.attributes
                0x00000000000005de       0x1d /opt/st/stm32cubeide_1.9.0/plugins/com.st.stm32cube.ide.mcu.externaltools.gnu-tools-for-stm32.10.3-2021.10.linux64_1.0.0.202111181127/tools/bin/../lib/gcc/arm-none-eabi/10.3.1/thumb/v7-m/nofp/libgcc.a(_arm_addsubdf3.o)
 .ARM.attributes
                0x00000000000005fb       0x1d /opt/st/stm32cubeide_1.9.0/plugins/com.st.stm32cube.ide.mcu.externaltools.gnu-tools-for-stm32.10.3-2021.10.linux64_1.0.0.202111181127/tools/bin/../lib/gcc/arm-none-eabi/10.3.1/thumb/v7-m/nofp/libgcc.a(_arm_muldivdf3.o)
 .ARM.attributes
                0x0000000000000618       0x1d /opt/st/stm32cubeide_1.9.0/plugins/com.st.stm32cube.ide.mcu.externaltools.gnu-tools-for-stm32.10.3-2021.10.linux64_1.0.0.202111181127/tools/bin/../lib/gcc/arm-none-eabi/10.3.1/thumb/v7-m/nofp/libgcc.a(_arm_fixdfsi.o)
 .ARM.attributes
                0x0000000000000635       0x1d /opt/st/stm32cubeide_1.9.0/plugins/com.st.stm32cube.ide.mcu.externaltools.gnu-tools-for-stm32.10.3-2021.10.linux64_1.0.0.202111181127/tools/bin/../lib/gcc/arm-none-eabi/10.3.1/thumb/v7-m/nofp/libgcc.a(_arm_addsubsf3.o)
 .ARM.attributes
                0x0000000000000652       0x1d /opt/st/stm32cubeide_1.9.0/plugins/com.st.stm32cube.ide.mcu.externaltools.gnu-tools-for-stm32.10.3-2021.10.linux64_1.0.0.202111181127/tools/bin/../lib/gcc/arm-none-eabi/10.3.1/thumb/v7-m/nofp/libgcc.a(_arm_muldivsf3.o)
 .ARM.attributes
                0x000000000000066f       0x1d /opt/st/stm32cubeide_1.9.0/plugins/com.st.stm32cube.ide.mcu.externaltools.gnu-tools-for-stm32.10.3-2021.10.linux64_1.0.0.202111181127/tools/bin/../lib/gcc/arm-none-eabi/10.3.1/thumb/v7-m/nofp/libgcc.a(_arm_cmpsf2.o)
 .ARM.attributes
                0x000000000000068c       0x1d /opt/st/stm32cubeide_1.9.0/plugins/com.st.stm32cube.ide.mcu.externaltools.gnu-tools-for-stm32.10.3-2021.10.linux64_1.0.0.202111181127/tools/bin/../lib/gcc/arm-none-eabi/10.3.1/thumb/v7-m/nofp/libgcc.a(_arm_fixsfsi.o)
 .ARM.attributes
                0x00000000000006a9       0x1d /opt/st/stm32cubeide_1.9.0/plugins/com.st.stm32cube.ide.mcu.externaltools.gnu-tools-for-stm32.10.3-2021.10.linux64_1.0.0.202111181127/tools/bin/../lib/gcc/arm-none-eabi/10.3.1/thumb/v7-m/nofp/libgcc.a(_aeabi_uldivmod.o)
 .ARM.attributes
                0x00000000000006c6       0x2d /opt/st/stm32cubeide_1.9.0/plugins/com.st.stm32cube.ide.mcu.externaltools.gnu-tools-for-stm32.10.3-2021.10.linux64_1.0.0.202111181127/tools/bin/../lib/gcc/arm-none-eabi/10.3.1/thumb/v7-m/nofp/libgcc.a(_udivmoddi4.o)
 .ARM.attributes
                0x00000000000006f3       0x1d /opt/st/stm32cubeide_1.9.0/plugins/com.st.stm32cube.ide.mcu.externaltools.gnu-tools-for-stm32.10.3-2021.10.linux64_1.0.0.202111181127/tools/bin/../lib/gcc/arm-none-eabi/10.3.1/thumb/v7-m/nofp/libgcc.a(_dvmd_tls.o)
 .ARM.attributes
                0x0000000000000710       0x1d /opt/st/stm32cubeide_1.9.0/plugins/com.st.stm32cube.ide.mcu.externaltools.gnu-tools-for-stm32.10.3-2021.10.linux64_1.0.0.202111181127/tools/bin/../lib/gcc/arm-none-eabi/10.3.1/thumb/v7-m/nofp/crtn.o
OUTPUT(F103.elf elf32-littlearm)
LOAD linker stubs
LOAD /opt/st/stm32cubeide_1.9.0/plugins/com.st.stm32cube.ide.mcu.externaltools.gnu-tools-for-stm32.10.3-2021.10.linux64_1.0.0.202111181127/tools/bin/../lib/gcc/arm-none-eabi/10.3.1/../../../../arm-none-eabi/lib/thumb/v7-m/nofp/libc.a
LOAD /opt/st/stm32cubeide_1.9.0/plugins/com.st.stm32cube.ide.mcu.externaltools.gnu-tools-for-stm32.10.3-2021.10.linux64_1.0.0.202111181127/tools/bin/../lib/gcc/arm-none-eabi/10.3.1/../../../../arm-none-eabi/lib/thumb/v7-m/nofp/libm.a
LOAD /opt/st/stm32cubeide_1.9.0/plugins/com.st.stm32cube.ide.mcu.externaltools.gnu-tools-for-stm32.10.3-2021.10.linux64_1.0.0.202111181127/tools/bin/../lib/gcc/arm-none-eabi/10.3.1/thumb/v7-m/nofp/libgcc.a

.debug_info     0x0000000000000000    0x10995
 .debug_info    0x0000000000000000      0x63b ./Drivers/STM32F1xx_HAL_Driver/Src/stm32f1xx_hal.o
 .debug_info    0x000000000000063b      0xcd0 ./Drivers/STM32F1xx_HAL_Driver/Src/stm32f1xx_hal_adc.o
 .debug_info    0x000000000000130b      0xb93 ./Drivers/STM32F1xx_HAL_Driver/Src/stm32f1xx_hal_can.o
 .debug_info    0x0000000000001e9e      0xb16 ./Drivers/STM32F1xx_HAL_Driver/Src/stm32f1xx_hal_cortex.o
 .debug_info    0x00000000000029b4      0x746 ./Drivers/STM32F1xx_HAL_Driver/Src/stm32f1xx_hal_dma.o
 .debug_info    0x00000000000030fa      0x539 ./Drivers/STM32F1xx_HAL_Driver/Src/stm32f1xx_hal_flash.o
 .debug_info    0x0000000000003633      0x7ec ./Drivers/STM32F1xx_HAL_Driver/Src/stm32f1xx_hal_flash_ex.o
 .debug_info    0x0000000000003e1f      0x627 ./Drivers/STM32F1xx_HAL_Driver/Src/stm32f1xx_hal_gpio.o
 .debug_info    0x0000000000004446      0x858 ./Drivers/STM32F1xx_HAL_Driver/Src/stm32f1xx_hal_rcc.o
 .debug_info    0x0000000000004c9e      0x3e7 ./Drivers/STM32F1xx_HAL_Driver/Src/stm32f1xx_hal_rcc_ex.o
 .debug_info    0x0000000000005085     0x239f ./Drivers/STM32F1xx_HAL_Driver/Src/stm32f1xx_hal_tim.o
 .debug_info    0x0000000000007424     0x10a4 ./Drivers/STM32F1xx_HAL_Driver/Src/stm32f1xx_hal_tim_ex.o
 .debug_info    0x00000000000084c8     0x128c ./Drivers/STM32F1xx_HAL_Driver/Src/stm32f1xx_hal_uart.o
 .debug_info    0x0000000000009754      0x527 ./Src/FLASH_PAGE_F1.o
 .debug_info    0x0000000000009c7b      0x84e ./Src/adc.o
 .debug_info    0x000000000000a4c9      0x345 ./Src/calibrate.o
 .debug_info    0x000000000000a80e      0xcf2 ./Src/can.o
 .debug_info    0x000000000000b500      0x12b ./Src/control.o
 .debug_info    0x000000000000b62b      0x2ed ./Src/dma.o
 .debug_info    0x000000000000b918      0x495 ./Src/gpio.o
 .debug_info    0x000000000000bdad     0x1682 ./Src/main.o
 .debug_info    0x000000000000d42f      0x19a ./Src/power.o
 .debug_info    0x000000000000d5c9      0x42e ./Src/steering.o
 .debug_info    0x000000000000d9f7      0x360 ./Src/stm32f1xx_hal_msp.o
 .debug_info    0x000000000000dd57      0xc4b ./Src/stm32f1xx_it.o
 .debug_info    0x000000000000e9a2      0x403 ./Src/system_stm32f1xx.o
 .debug_info    0x000000000000eda5      0xeb3 ./Src/tim.o
 .debug_info    0x000000000000fc58      0x25b ./Src/timer.o
 .debug_info    0x000000000000feb3      0x7bf ./Src/usart.o
 .debug_info    0x0000000000010672      0x301 ./Src/wheels.o
 .debug_info    0x0000000000010973       0x22 ./Startup/startup_stm32f103rbtx.o

.debug_abbrev   0x0000000000000000     0x371a
 .debug_abbrev  0x0000000000000000      0x217 ./Drivers/STM32F1xx_HAL_Driver/Src/stm32f1xx_hal.o
 .debug_abbrev  0x0000000000000217      0x210 ./Drivers/STM32F1xx_HAL_Driver/Src/stm32f1xx_hal_adc.o
 .debug_abbrev  0x0000000000000427      0x21b ./Drivers/STM32F1xx_HAL_Driver/Src/stm32f1xx_hal_can.o
 .debug_abbrev  0x0000000000000642      0x2d0 ./Drivers/STM32F1xx_HAL_Driver/Src/stm32f1xx_hal_cortex.o
 .debug_abbrev  0x0000000000000912      0x1fe ./Drivers/STM32F1xx_HAL_Driver/Src/stm32f1xx_hal_dma.o
 .debug_abbrev  0x0000000000000b10      0x225 ./Drivers/STM32F1xx_HAL_Driver/Src/stm32f1xx_hal_flash.o
 .debug_abbrev  0x0000000000000d35      0x23b ./Drivers/STM32F1xx_HAL_Driver/Src/stm32f1xx_hal_flash_ex.o
 .debug_abbrev  0x0000000000000f70      0x1c4 ./Drivers/STM32F1xx_HAL_Driver/Src/stm32f1xx_hal_gpio.o
 .debug_abbrev  0x0000000000001134      0x2b7 ./Drivers/STM32F1xx_HAL_Driver/Src/stm32f1xx_hal_rcc.o
 .debug_abbrev  0x00000000000013eb      0x182 ./Drivers/STM32F1xx_HAL_Driver/Src/stm32f1xx_hal_rcc_ex.o
 .debug_abbrev  0x000000000000156d      0x270 ./Drivers/STM32F1xx_HAL_Driver/Src/stm32f1xx_hal_tim.o
 .debug_abbrev  0x00000000000017dd      0x24b ./Drivers/STM32F1xx_HAL_Driver/Src/stm32f1xx_hal_tim_ex.o
 .debug_abbrev  0x0000000000001a28      0x25d ./Drivers/STM32F1xx_HAL_Driver/Src/stm32f1xx_hal_uart.o
 .debug_abbrev  0x0000000000001c85      0x1ff ./Src/FLASH_PAGE_F1.o
 .debug_abbrev  0x0000000000001e84      0x1c3 ./Src/adc.o
 .debug_abbrev  0x0000000000002047      0x189 ./Src/calibrate.o
 .debug_abbrev  0x00000000000021d0      0x23b ./Src/can.o
 .debug_abbrev  0x000000000000240b       0x9f ./Src/control.o
 .debug_abbrev  0x00000000000024aa       0xf8 ./Src/dma.o
 .debug_abbrev  0x00000000000025a2      0x152 ./Src/gpio.o
 .debug_abbrev  0x00000000000026f4      0x34c ./Src/main.o
 .debug_abbrev  0x0000000000002a40       0xde ./Src/power.o
 .debug_abbrev  0x0000000000002b1e      0x1bd ./Src/steering.o
 .debug_abbrev  0x0000000000002cdb      0x10a ./Src/stm32f1xx_hal_msp.o
 .debug_abbrev  0x0000000000002de5      0x1f3 ./Src/stm32f1xx_it.o
 .debug_abbrev  0x0000000000002fd8      0x13b ./Src/system_stm32f1xx.o
 .debug_abbrev  0x0000000000003113      0x28e ./Src/tim.o
 .debug_abbrev  0x00000000000033a1       0xc8 ./Src/timer.o
 .debug_abbrev  0x0000000000003469      0x1b0 ./Src/usart.o
 .debug_abbrev  0x0000000000003619       0xef ./Src/wheels.o
 .debug_abbrev  0x0000000000003708       0x12 ./Startup/startup_stm32f103rbtx.o

.debug_aranges  0x0000000000000000     0x1050
 .debug_aranges
                0x0000000000000000       0xb8 ./Drivers/STM32F1xx_HAL_Driver/Src/stm32f1xx_hal.o
 .debug_aranges
                0x00000000000000b8       0xf0 ./Drivers/STM32F1xx_HAL_Driver/Src/stm32f1xx_hal_adc.o
 .debug_aranges
                0x00000000000001a8       0xb0 ./Drivers/STM32F1xx_HAL_Driver/Src/stm32f1xx_hal_can.o
 .debug_aranges
                0x0000000000000258      0x100 ./Drivers/STM32F1xx_HAL_Driver/Src/stm32f1xx_hal_cortex.o
 .debug_aranges
                0x0000000000000358       0x80 ./Drivers/STM32F1xx_HAL_Driver/Src/stm32f1xx_hal_dma.o
 .debug_aranges
                0x00000000000003d8       0x88 ./Drivers/STM32F1xx_HAL_Driver/Src/stm32f1xx_hal_flash.o
 .debug_aranges
                0x0000000000000460       0x98 ./Drivers/STM32F1xx_HAL_Driver/Src/stm32f1xx_hal_flash_ex.o
 .debug_aranges
                0x00000000000004f8       0x58 ./Drivers/STM32F1xx_HAL_Driver/Src/stm32f1xx_hal_gpio.o
 .debug_aranges
                0x0000000000000550       0x90 ./Drivers/STM32F1xx_HAL_Driver/Src/stm32f1xx_hal_rcc.o
 .debug_aranges
                0x00000000000005e0       0x30 ./Drivers/STM32F1xx_HAL_Driver/Src/stm32f1xx_hal_rcc_ex.o
 .debug_aranges
                0x0000000000000610      0x368 ./Drivers/STM32F1xx_HAL_Driver/Src/stm32f1xx_hal_tim.o
 .debug_aranges
                0x0000000000000978      0x138 ./Drivers/STM32F1xx_HAL_Driver/Src/stm32f1xx_hal_tim_ex.o
 .debug_aranges
                0x0000000000000ab0      0x1d0 ./Drivers/STM32F1xx_HAL_Driver/Src/stm32f1xx_hal_uart.o
 .debug_aranges
                0x0000000000000c80       0x58 ./Src/FLASH_PAGE_F1.o
 .debug_aranges
                0x0000000000000cd8       0x30 ./Src/adc.o
 .debug_aranges
                0x0000000000000d08       0x28 ./Src/calibrate.o
 .debug_aranges
                0x0000000000000d30       0x58 ./Src/can.o
 .debug_aranges
                0x0000000000000d88       0x20 ./Src/control.o
 .debug_aranges
                0x0000000000000da8       0x20 ./Src/dma.o
 .debug_aranges
                0x0000000000000dc8       0x20 ./Src/gpio.o
 .debug_aranges
                0x0000000000000de8       0x50 ./Src/main.o
 .debug_aranges
                0x0000000000000e38       0x28 ./Src/power.o
 .debug_aranges
                0x0000000000000e60       0x40 ./Src/steering.o
 .debug_aranges
                0x0000000000000ea0       0x20 ./Src/stm32f1xx_hal_msp.o
 .debug_aranges
                0x0000000000000ec0       0x60 ./Src/stm32f1xx_it.o
 .debug_aranges
                0x0000000000000f20       0x28 ./Src/system_stm32f1xx.o
 .debug_aranges
                0x0000000000000f48       0x60 ./Src/tim.o
 .debug_aranges
                0x0000000000000fa8       0x30 ./Src/timer.o
 .debug_aranges
                0x0000000000000fd8       0x30 ./Src/usart.o
 .debug_aranges
                0x0000000000001008       0x20 ./Src/wheels.o
 .debug_aranges
                0x0000000000001028       0x28 ./Startup/startup_stm32f103rbtx.o

.debug_ranges   0x0000000000000000      0xe68
 .debug_ranges  0x0000000000000000       0xa8 ./Drivers/STM32F1xx_HAL_Driver/Src/stm32f1xx_hal.o
 .debug_ranges  0x00000000000000a8       0xe0 ./Drivers/STM32F1xx_HAL_Driver/Src/stm32f1xx_hal_adc.o
 .debug_ranges  0x0000000000000188       0xa0 ./Drivers/STM32F1xx_HAL_Driver/Src/stm32f1xx_hal_can.o
 .debug_ranges  0x0000000000000228       0xf0 ./Drivers/STM32F1xx_HAL_Driver/Src/stm32f1xx_hal_cortex.o
 .debug_ranges  0x0000000000000318       0x70 ./Drivers/STM32F1xx_HAL_Driver/Src/stm32f1xx_hal_dma.o
 .debug_ranges  0x0000000000000388       0x78 ./Drivers/STM32F1xx_HAL_Driver/Src/stm32f1xx_hal_flash.o
 .debug_ranges  0x0000000000000400       0x88 ./Drivers/STM32F1xx_HAL_Driver/Src/stm32f1xx_hal_flash_ex.o
 .debug_ranges  0x0000000000000488       0x48 ./Drivers/STM32F1xx_HAL_Driver/Src/stm32f1xx_hal_gpio.o
 .debug_ranges  0x00000000000004d0       0x80 ./Drivers/STM32F1xx_HAL_Driver/Src/stm32f1xx_hal_rcc.o
 .debug_ranges  0x0000000000000550       0x20 ./Drivers/STM32F1xx_HAL_Driver/Src/stm32f1xx_hal_rcc_ex.o
 .debug_ranges  0x0000000000000570      0x358 ./Drivers/STM32F1xx_HAL_Driver/Src/stm32f1xx_hal_tim.o
 .debug_ranges  0x00000000000008c8      0x128 ./Drivers/STM32F1xx_HAL_Driver/Src/stm32f1xx_hal_tim_ex.o
 .debug_ranges  0x00000000000009f0      0x1c0 ./Drivers/STM32F1xx_HAL_Driver/Src/stm32f1xx_hal_uart.o
 .debug_ranges  0x0000000000000bb0       0x48 ./Src/FLASH_PAGE_F1.o
 .debug_ranges  0x0000000000000bf8       0x20 ./Src/adc.o
 .debug_ranges  0x0000000000000c18       0x18 ./Src/calibrate.o
 .debug_ranges  0x0000000000000c30       0x48 ./Src/can.o
 .debug_ranges  0x0000000000000c78       0x10 ./Src/control.o
 .debug_ranges  0x0000000000000c88       0x10 ./Src/dma.o
 .debug_ranges  0x0000000000000c98       0x10 ./Src/gpio.o
 .debug_ranges  0x0000000000000ca8       0x40 ./Src/main.o
 .debug_ranges  0x0000000000000ce8       0x18 ./Src/power.o
 .debug_ranges  0x0000000000000d00       0x30 ./Src/steering.o
 .debug_ranges  0x0000000000000d30       0x10 ./Src/stm32f1xx_hal_msp.o
 .debug_ranges  0x0000000000000d40       0x50 ./Src/stm32f1xx_it.o
 .debug_ranges  0x0000000000000d90       0x18 ./Src/system_stm32f1xx.o
 .debug_ranges  0x0000000000000da8       0x50 ./Src/tim.o
 .debug_ranges  0x0000000000000df8       0x20 ./Src/timer.o
 .debug_ranges  0x0000000000000e18       0x20 ./Src/usart.o
 .debug_ranges  0x0000000000000e38       0x10 ./Src/wheels.o
 .debug_ranges  0x0000000000000e48       0x20 ./Startup/startup_stm32f103rbtx.o

.debug_macro    0x0000000000000000    0x1a2d1
 .debug_macro   0x0000000000000000      0x34d ./Drivers/STM32F1xx_HAL_Driver/Src/stm32f1xx_hal.o
 .debug_macro   0x000000000000034d      0xa84 ./Drivers/STM32F1xx_HAL_Driver/Src/stm32f1xx_hal.o
 .debug_macro   0x0000000000000dd1       0xca ./Drivers/STM32F1xx_HAL_Driver/Src/stm32f1xx_hal.o
 .debug_macro   0x0000000000000e9b      0x16f ./Drivers/STM32F1xx_HAL_Driver/Src/stm32f1xx_hal.o
 .debug_macro   0x000000000000100a       0x28 ./Drivers/STM32F1xx_HAL_Driver/Src/stm32f1xx_hal.o
 .debug_macro   0x0000000000001032       0x22 ./Drivers/STM32F1xx_HAL_Driver/Src/stm32f1xx_hal.o
 .debug_macro   0x0000000000001054       0x22 ./Drivers/STM32F1xx_HAL_Driver/Src/stm32f1xx_hal.o
 .debug_macro   0x0000000000001076       0x8e ./Drivers/STM32F1xx_HAL_Driver/Src/stm32f1xx_hal.o
 .debug_macro   0x0000000000001104       0x51 ./Drivers/STM32F1xx_HAL_Driver/Src/stm32f1xx_hal.o
 .debug_macro   0x0000000000001155      0x103 ./Drivers/STM32F1xx_HAL_Driver/Src/stm32f1xx_hal.o
 .debug_macro   0x0000000000001258       0x6a ./Drivers/STM32F1xx_HAL_Driver/Src/stm32f1xx_hal.o
 .debug_macro   0x00000000000012c2      0x1df ./Drivers/STM32F1xx_HAL_Driver/Src/stm32f1xx_hal.o
 .debug_macro   0x00000000000014a1       0x34 ./Drivers/STM32F1xx_HAL_Driver/Src/stm32f1xx_hal.o
 .debug_macro   0x00000000000014d5       0x34 ./Drivers/STM32F1xx_HAL_Driver/Src/stm32f1xx_hal.o
 .debug_macro   0x0000000000001509      0xb8e ./Drivers/STM32F1xx_HAL_Driver/Src/stm32f1xx_hal.o
 .debug_macro   0x0000000000002097     0xe90a ./Drivers/STM32F1xx_HAL_Driver/Src/stm32f1xx_hal.o
 .debug_macro   0x00000000000109a1       0x43 ./Drivers/STM32F1xx_HAL_Driver/Src/stm32f1xx_hal.o
 .debug_macro   0x00000000000109e4       0x52 ./Drivers/STM32F1xx_HAL_Driver/Src/stm32f1xx_hal.o
 .debug_macro   0x0000000000010a36       0x18 ./Drivers/STM32F1xx_HAL_Driver/Src/stm32f1xx_hal.o
 .debug_macro   0x0000000000010a4e       0x3c ./Drivers/STM32F1xx_HAL_Driver/Src/stm32f1xx_hal.o
 .debug_macro   0x0000000000010a8a       0x34 ./Drivers/STM32F1xx_HAL_Driver/Src/stm32f1xx_hal.o
 .debug_macro   0x0000000000010abe       0x16 ./Drivers/STM32F1xx_HAL_Driver/Src/stm32f1xx_hal.o
 .debug_macro   0x0000000000010ad4       0x97 ./Drivers/STM32F1xx_HAL_Driver/Src/stm32f1xx_hal.o
 .debug_macro   0x0000000000010b6b      0x341 ./Drivers/STM32F1xx_HAL_Driver/Src/stm32f1xx_hal.o
 .debug_macro   0x0000000000010eac       0xfd ./Drivers/STM32F1xx_HAL_Driver/Src/stm32f1xx_hal.o
 .debug_macro   0x0000000000010fa9       0x10 ./Drivers/STM32F1xx_HAL_Driver/Src/stm32f1xx_hal.o
 .debug_macro   0x0000000000010fb9       0x16 ./Drivers/STM32F1xx_HAL_Driver/Src/stm32f1xx_hal.o
 .debug_macro   0x0000000000010fcf       0x43 ./Drivers/STM32F1xx_HAL_Driver/Src/stm32f1xx_hal.o
 .debug_macro   0x0000000000011012       0x34 ./Drivers/STM32F1xx_HAL_Driver/Src/stm32f1xx_hal.o
 .debug_macro   0x0000000000011046       0x10 ./Drivers/STM32F1xx_HAL_Driver/Src/stm32f1xx_hal.o
 .debug_macro   0x0000000000011056       0x58 ./Drivers/STM32F1xx_HAL_Driver/Src/stm32f1xx_hal.o
 .debug_macro   0x00000000000110ae       0x71 ./Drivers/STM32F1xx_HAL_Driver/Src/stm32f1xx_hal.o
 .debug_macro   0x000000000001111f       0x1c ./Drivers/STM32F1xx_HAL_Driver/Src/stm32f1xx_hal.o
 .debug_macro   0x000000000001113b      0x12a ./Drivers/STM32F1xx_HAL_Driver/Src/stm32f1xx_hal.o
 .debug_macro   0x0000000000011265       0x10 ./Drivers/STM32F1xx_HAL_Driver/Src/stm32f1xx_hal.o
 .debug_macro   0x0000000000011275       0x1c ./Drivers/STM32F1xx_HAL_Driver/Src/stm32f1xx_hal.o
 .debug_macro   0x0000000000011291       0x52 ./Drivers/STM32F1xx_HAL_Driver/Src/stm32f1xx_hal.o
 .debug_macro   0x00000000000112e3       0x22 ./Drivers/STM32F1xx_HAL_Driver/Src/stm32f1xx_hal.o
 .debug_macro   0x0000000000011305       0x10 ./Drivers/STM32F1xx_HAL_Driver/Src/stm32f1xx_hal.o
 .debug_macro   0x0000000000011315       0x52 ./Drivers/STM32F1xx_HAL_Driver/Src/stm32f1xx_hal.o
 .debug_macro   0x0000000000011367       0xd5 ./Drivers/STM32F1xx_HAL_Driver/Src/stm32f1xx_hal.o
 .debug_macro   0x000000000001143c       0x1c ./Drivers/STM32F1xx_HAL_Driver/Src/stm32f1xx_hal.o
 .debug_macro   0x0000000000011458       0x3d ./Drivers/STM32F1xx_HAL_Driver/Src/stm32f1xx_hal.o
 .debug_macro   0x0000000000011495       0x16 ./Drivers/STM32F1xx_HAL_Driver/Src/stm32f1xx_hal.o
 .debug_macro   0x00000000000114ab      0x145 ./Drivers/STM32F1xx_HAL_Driver/Src/stm32f1xx_hal.o
 .debug_macro   0x00000000000115f0       0x57 ./Drivers/STM32F1xx_HAL_Driver/Src/stm32f1xx_hal.o
 .debug_macro   0x0000000000011647      0x5c2 ./Drivers/STM32F1xx_HAL_Driver/Src/stm32f1xx_hal.o
 .debug_macro   0x0000000000011c09      0x28b ./Drivers/STM32F1xx_HAL_Driver/Src/stm32f1xx_hal.o
 .debug_macro   0x0000000000011e94      0x1cb ./Drivers/STM32F1xx_HAL_Driver/Src/stm32f1xx_hal.o
 .debug_macro   0x000000000001205f      0x11e ./Drivers/STM32F1xx_HAL_Driver/Src/stm32f1xx_hal.o
 .debug_macro   0x000000000001217d      0x197 ./Drivers/STM32F1xx_HAL_Driver/Src/stm32f1xx_hal.o
 .debug_macro   0x0000000000012314       0x27 ./Drivers/STM32F1xx_HAL_Driver/Src/stm32f1xx_hal.o
 .debug_macro   0x000000000001233b      0x1bc ./Drivers/STM32F1xx_HAL_Driver/Src/stm32f1xx_hal.o
 .debug_macro   0x00000000000124f7       0x34 ./Drivers/STM32F1xx_HAL_Driver/Src/stm32f1xx_hal.o
 .debug_macro   0x000000000001252b       0x3c ./Drivers/STM32F1xx_HAL_Driver/Src/stm32f1xx_hal.o
 .debug_macro   0x0000000000012567      0x3a6 ./Drivers/STM32F1xx_HAL_Driver/Src/stm32f1xx_hal.o
 .debug_macro   0x000000000001290d       0x10 ./Drivers/STM32F1xx_HAL_Driver/Src/stm32f1xx_hal.o
 .debug_macro   0x000000000001291d       0x74 ./Drivers/STM32F1xx_HAL_Driver/Src/stm32f1xx_hal.o
 .debug_macro   0x0000000000012991       0x57 ./Drivers/STM32F1xx_HAL_Driver/Src/stm32f1xx_hal.o
 .debug_macro   0x00000000000129e8      0x46a ./Drivers/STM32F1xx_HAL_Driver/Src/stm32f1xx_hal.o
 .debug_macro   0x0000000000012e52      0x1b5 ./Drivers/STM32F1xx_HAL_Driver/Src/stm32f1xx_hal.o
 .debug_macro   0x0000000000013007       0x8c ./Drivers/STM32F1xx_HAL_Driver/Src/stm32f1xx_hal.o
 .debug_macro   0x0000000000013093      0x242 ./Drivers/STM32F1xx_HAL_Driver/Src/stm32f1xx_hal.o
 .debug_macro   0x00000000000132d5      0x143 ./Drivers/STM32F1xx_HAL_Driver/Src/stm32f1xx_hal.o
 .debug_macro   0x0000000000013418      0x84c ./Drivers/STM32F1xx_HAL_Driver/Src/stm32f1xx_hal.o
 .debug_macro   0x0000000000013c64       0x1f ./Drivers/STM32F1xx_HAL_Driver/Src/stm32f1xx_hal.o
 .debug_macro   0x0000000000013c83      0x26b ./Drivers/STM32F1xx_HAL_Driver/Src/stm32f1xx_hal.o
 .debug_macro   0x0000000000013eee       0x7c ./Drivers/STM32F1xx_HAL_Driver/Src/stm32f1xx_hal.o
 .debug_macro   0x0000000000013f6a      0x346 ./Drivers/STM32F1xx_HAL_Driver/Src/stm32f1xx_hal_adc.o
 .debug_macro   0x00000000000142b0      0x330 ./Drivers/STM32F1xx_HAL_Driver/Src/stm32f1xx_hal_can.o
 .debug_macro   0x00000000000145e0      0x329 ./Drivers/STM32F1xx_HAL_Driver/Src/stm32f1xx_hal_cortex.o
 .debug_macro   0x0000000000014909      0x329 ./Drivers/STM32F1xx_HAL_Driver/Src/stm32f1xx_hal_dma.o
 .debug_macro   0x0000000000014c32      0x329 ./Drivers/STM32F1xx_HAL_Driver/Src/stm32f1xx_hal_flash.o
 .debug_macro   0x0000000000014f5b      0x33b ./Drivers/STM32F1xx_HAL_Driver/Src/stm32f1xx_hal_flash_ex.o
 .debug_macro   0x0000000000015296      0x399 ./Drivers/STM32F1xx_HAL_Driver/Src/stm32f1xx_hal_gpio.o
 .debug_macro   0x000000000001562f      0x33b ./Drivers/STM32F1xx_HAL_Driver/Src/stm32f1xx_hal_rcc.o
 .debug_macro   0x000000000001596a      0x329 ./Drivers/STM32F1xx_HAL_Driver/Src/stm32f1xx_hal_rcc_ex.o
 .debug_macro   0x0000000000015c93      0x32a ./Drivers/STM32F1xx_HAL_Driver/Src/stm32f1xx_hal_tim.o
 .debug_macro   0x0000000000015fbd      0x329 ./Drivers/STM32F1xx_HAL_Driver/Src/stm32f1xx_hal_tim_ex.o
 .debug_macro   0x00000000000162e6      0x32a ./Drivers/STM32F1xx_HAL_Driver/Src/stm32f1xx_hal_uart.o
 .debug_macro   0x0000000000016610      0x363 ./Src/FLASH_PAGE_F1.o
 .debug_macro   0x0000000000016973       0x16 ./Src/FLASH_PAGE_F1.o
 .debug_macro   0x0000000000016989       0x35 ./Src/FLASH_PAGE_F1.o
 .debug_macro   0x00000000000169be       0x20 ./Src/FLASH_PAGE_F1.o
 .debug_macro   0x00000000000169de      0x347 ./Src/adc.o
 .debug_macro   0x0000000000016d25      0x3c3 ./Src/calibrate.o
 .debug_macro   0x00000000000170e8       0x16 ./Src/calibrate.o
 .debug_macro   0x00000000000170fe       0x16 ./Src/calibrate.o
 .debug_macro   0x0000000000017114       0x29 ./Src/calibrate.o
 .debug_macro   0x000000000001713d      0x19b ./Src/calibrate.o
 .debug_macro   0x00000000000172d8       0x58 ./Src/calibrate.o
 .debug_macro   0x0000000000017330       0x5e ./Src/calibrate.o
 .debug_macro   0x000000000001738e       0x16 ./Src/calibrate.o
 .debug_macro   0x00000000000173a4       0x10 ./Src/calibrate.o
 .debug_macro   0x00000000000173b4       0x10 ./Src/calibrate.o
 .debug_macro   0x00000000000173c4      0x342 ./Src/can.o
 .debug_macro   0x0000000000017706       0x58 ./Src/can.o
 .debug_macro   0x000000000001775e      0x3ab ./Src/control.o
 .debug_macro   0x0000000000017b09      0x333 ./Src/dma.o
 .debug_macro   0x0000000000017e3c      0x333 ./Src/gpio.o
 .debug_macro   0x000000000001816f      0x40f ./Src/main.o
 .debug_macro   0x000000000001857e      0x333 ./Src/power.o
 .debug_macro   0x00000000000188b1      0x389 ./Src/steering.o
 .debug_macro   0x0000000000018c3a      0x329 ./Src/stm32f1xx_hal_msp.o
 .debug_macro   0x0000000000018f63      0x337 ./Src/stm32f1xx_it.o
 .debug_macro   0x000000000001929a      0x32f ./Src/system_stm32f1xx.o
 .debug_macro   0x00000000000195c9      0x33d ./Src/tim.o
 .debug_macro   0x0000000000019906      0x346 ./Src/timer.o
 .debug_macro   0x0000000000019c4c      0x33d ./Src/usart.o
 .debug_macro   0x0000000000019f89      0x338 ./Src/wheels.o
 .debug_macro   0x000000000001a2c1       0x10 ./Src/wheels.o

.debug_line     0x0000000000000000    0x1743a
 .debug_line    0x0000000000000000      0xa44 ./Drivers/STM32F1xx_HAL_Driver/Src/stm32f1xx_hal.o
 .debug_line    0x0000000000000a44     0x1126 ./Drivers/STM32F1xx_HAL_Driver/Src/stm32f1xx_hal_adc.o
 .debug_line    0x0000000000001b6a     0x14bf ./Drivers/STM32F1xx_HAL_Driver/Src/stm32f1xx_hal_can.o
 .debug_line    0x0000000000003029      0xca0 ./Drivers/STM32F1xx_HAL_Driver/Src/stm32f1xx_hal_cortex.o
 .debug_line    0x0000000000003cc9      0xf1c ./Drivers/STM32F1xx_HAL_Driver/Src/stm32f1xx_hal_dma.o
 .debug_line    0x0000000000004be5      0xbad ./Drivers/STM32F1xx_HAL_Driver/Src/stm32f1xx_hal_flash.o
 .debug_line    0x0000000000005792      0xc9f ./Drivers/STM32F1xx_HAL_Driver/Src/stm32f1xx_hal_flash_ex.o
 .debug_line    0x0000000000006431      0xb73 ./Drivers/STM32F1xx_HAL_Driver/Src/stm32f1xx_hal_gpio.o
 .debug_line    0x0000000000006fa4      0xe39 ./Drivers/STM32F1xx_HAL_Driver/Src/stm32f1xx_hal_rcc.o
 .debug_line    0x0000000000007ddd      0xa15 ./Drivers/STM32F1xx_HAL_Driver/Src/stm32f1xx_hal_rcc_ex.o
 .debug_line    0x00000000000087f2     0x26e3 ./Drivers/STM32F1xx_HAL_Driver/Src/stm32f1xx_hal_tim.o
 .debug_line    0x000000000000aed5     0x1216 ./Drivers/STM32F1xx_HAL_Driver/Src/stm32f1xx_hal_tim_ex.o
 .debug_line    0x000000000000c0eb     0x1859 ./Drivers/STM32F1xx_HAL_Driver/Src/stm32f1xx_hal_uart.o
 .debug_line    0x000000000000d944      0xa53 ./Src/FLASH_PAGE_F1.o
 .debug_line    0x000000000000e397      0x901 ./Src/adc.o
 .debug_line    0x000000000000ec98      0x942 ./Src/calibrate.o
 .debug_line    0x000000000000f5da      0x9ef ./Src/can.o
 .debug_line    0x000000000000ffc9      0x893 ./Src/control.o
 .debug_line    0x000000000001085c      0x814 ./Src/dma.o
 .debug_line    0x0000000000011070      0x85d ./Src/gpio.o
 .debug_line    0x00000000000118cd      0xb68 ./Src/main.o
 .debug_line    0x0000000000012435      0x82d ./Src/power.o
 .debug_line    0x0000000000012c62      0x998 ./Src/steering.o
 .debug_line    0x00000000000135fa      0x820 ./Src/stm32f1xx_hal_msp.o
 .debug_line    0x0000000000013e1a      0x906 ./Src/stm32f1xx_it.o
 .debug_line    0x0000000000014720      0x8be ./Src/system_stm32f1xx.o
 .debug_line    0x0000000000014fde      0xa9c ./Src/tim.o
 .debug_line    0x0000000000015a7a      0x85b ./Src/timer.o
 .debug_line    0x00000000000162d5      0x883 ./Src/usart.o
 .debug_line    0x0000000000016b58      0x85e ./Src/wheels.o
 .debug_line    0x00000000000173b6       0x84 ./Startup/startup_stm32f103rbtx.o

.debug_str      0x0000000000000000    0x7b0ab
 .debug_str     0x0000000000000000    0x76099 ./Drivers/STM32F1xx_HAL_Driver/Src/stm32f1xx_hal.o
                                      0x763c9 (size before relaxing)
 .debug_str     0x0000000000076099      0x6b2 ./Drivers/STM32F1xx_HAL_Driver/Src/stm32f1xx_hal_adc.o
                                      0x7642e (size before relaxing)
 .debug_str     0x000000000007674b      0x521 ./Drivers/STM32F1xx_HAL_Driver/Src/stm32f1xx_hal_can.o
                                      0x762c8 (size before relaxing)
 .debug_str     0x0000000000076c6c      0x2af ./Drivers/STM32F1xx_HAL_Driver/Src/stm32f1xx_hal_cortex.o
                                      0x763de (size before relaxing)
 .debug_str     0x0000000000076f1b      0x21b ./Drivers/STM32F1xx_HAL_Driver/Src/stm32f1xx_hal_dma.o
                                      0x7611e (size before relaxing)
 .debug_str     0x0000000000077136      0x29b ./Drivers/STM32F1xx_HAL_Driver/Src/stm32f1xx_hal_flash.o
                                      0x76050 (size before relaxing)
 .debug_str     0x00000000000773d1      0x34f ./Drivers/STM32F1xx_HAL_Driver/Src/stm32f1xx_hal_flash_ex.o
                                      0x761fe (size before relaxing)
 .debug_str     0x0000000000077720      0x39a ./Drivers/STM32F1xx_HAL_Driver/Src/stm32f1xx_hal_gpio.o
                                      0x76101 (size before relaxing)
 .debug_str     0x0000000000077aba      0x384 ./Drivers/STM32F1xx_HAL_Driver/Src/stm32f1xx_hal_rcc.o
                                      0x76194 (size before relaxing)
 .debug_str     0x0000000000077e3e      0x110 ./Drivers/STM32F1xx_HAL_Driver/Src/stm32f1xx_hal_rcc_ex.o
                                      0x75ef4 (size before relaxing)
 .debug_str     0x0000000000077f4e      0xf1e ./Drivers/STM32F1xx_HAL_Driver/Src/stm32f1xx_hal_tim.o
                                      0x76e6f (size before relaxing)
 .debug_str     0x0000000000078e6c      0x4d8 ./Drivers/STM32F1xx_HAL_Driver/Src/stm32f1xx_hal_tim_ex.o
                                      0x7672e (size before relaxing)
 .debug_str     0x0000000000079344      0x6d6 ./Drivers/STM32F1xx_HAL_Driver/Src/stm32f1xx_hal_uart.o
                                      0x76681 (size before relaxing)
 .debug_str     0x0000000000079a1a      0x1d3 ./Src/FLASH_PAGE_F1.o
                                      0x75fa8 (size before relaxing)
 .debug_str     0x0000000000079bed       0x6f ./Src/adc.o
                                      0x7616c (size before relaxing)
 .debug_str     0x0000000000079c5c      0xd91 ./Src/calibrate.o
                                      0x76b0d (size before relaxing)
 .debug_str     0x000000000007a9ed       0xa2 ./Src/can.o
                                      0x76750 (size before relaxing)
 .debug_str     0x000000000007aa8f       0x52 ./Src/control.o
                                      0x7686c (size before relaxing)
 .debug_str     0x000000000007aae1       0x19 ./Src/dma.o
                                      0x7600f (size before relaxing)
 .debug_str     0x000000000007aafa       0x1b ./Src/gpio.o
                                      0x760b8 (size before relaxing)
 .debug_str     0x000000000007ab15      0x215 ./Src/main.o
                                      0x77a9b (size before relaxing)
 .debug_str     0x000000000007ad2a       0x1e ./Src/power.o
                                      0x75d3d (size before relaxing)
 .debug_str     0x000000000007ad48       0xe9 ./Src/steering.o
                                      0x7699c (size before relaxing)
 .debug_str     0x000000000007ae31       0x1b ./Src/stm32f1xx_hal_msp.o
                                      0x7604c (size before relaxing)
 .debug_str     0x000000000007ae4c       0xeb ./Src/stm32f1xx_it.o
                                      0x764d2 (size before relaxing)
 .debug_str     0x000000000007af37       0x61 ./Src/system_stm32f1xx.o
                                      0x75de2 (size before relaxing)
 .debug_str     0x000000000007af98       0x5c ./Src/tim.o
                                      0x76846 (size before relaxing)
 .debug_str     0x000000000007aff4       0x2d ./Src/timer.o
                                      0x7657c (size before relaxing)
 .debug_str     0x000000000007b021       0x21 ./Src/usart.o
                                      0x761a2 (size before relaxing)
 .debug_str     0x000000000007b042       0x38 ./Src/wheels.o
                                      0x75dcc (size before relaxing)
 .debug_str     0x000000000007b07a       0x31 ./Startup/startup_stm32f103rbtx.o
                                         0x69 (size before relaxing)

.comment        0x0000000000000000       0x50
 .comment       0x0000000000000000       0x50 ./Drivers/STM32F1xx_HAL_Driver/Src/stm32f1xx_hal.o
                                         0x51 (size before relaxing)
 .comment       0x0000000000000050       0x51 ./Drivers/STM32F1xx_HAL_Driver/Src/stm32f1xx_hal_adc.o
 .comment       0x0000000000000050       0x51 ./Drivers/STM32F1xx_HAL_Driver/Src/stm32f1xx_hal_can.o
 .comment       0x0000000000000050       0x51 ./Drivers/STM32F1xx_HAL_Driver/Src/stm32f1xx_hal_cortex.o
 .comment       0x0000000000000050       0x51 ./Drivers/STM32F1xx_HAL_Driver/Src/stm32f1xx_hal_dma.o