../Core/Src/scheduler.c:291:6:task_send_values_GPS.part.0	56	static
../Core/Src/scheduler.c:115:5:sign	0	static
../Core/Src/scheduler.c:126:10:SCHEDULER_Init	8	static
../Core/Src/scheduler.c:223:6:task_background	0	static
../Core/Src/scheduler.c:227:6:task_send_values_IMU	24	static
../Core/Src/scheduler.c:291:6:task_send_values_GPS	0	static
../Core/Src/scheduler.c:395:6:task_get_acceleration	0	static
../Core/Src/scheduler.c:399:6:task_get_rotation	0	static
../Core/Src/scheduler.c:403:6:task_get_magnetic	0	static
../Core/Src/scheduler.c:407:6:task_get_temperature	0	static
../Core/Src/scheduler.c:411:6:task_get_humidity	0	static
../Core/Src/scheduler.c:415:6:task_get_pressure	0	static
../Core/Src/scheduler.c:419:6:task_update_gps	8	static
../Core/Src/scheduler.c:149:6:SCHEDULER_Run	16	static
