../Core/Src/stm32l4xx_it.c:74:6:NMI_Handler	0	static
../Core/Src/stm32l4xx_it.c:89:6:HardFault_Handler	0	static
../Core/Src/stm32l4xx_it.c:104:6:MemManage_Handler	0	static
../Core/Src/stm32l4xx_it.c:119:6:BusFault_Handler	0	static
../Core/Src/stm32l4xx_it.c:134:6:UsageFault_Handler	0	static
../Core/Src/stm32l4xx_it.c:149:6:SVC_Handler	0	static
../Core/Src/stm32l4xx_it.c:162:6:DebugMon_Handler	0	static
../Core/Src/stm32l4xx_it.c:175:6:PendSV_Handler	0	static
../Core/Src/stm32l4xx_it.c:188:6:SysTick_Handler	8	static
../Core/Src/stm32l4xx_it.c:210:6:EXTI4_IRQHandler	0	static
../Core/Src/stm32l4xx_it.c:224:6:EXTI9_5_IRQHandler	0	static
../Core/Src/stm32l4xx_it.c:238:6:USART2_IRQHandler	0	static
../Core/Src/stm32l4xx_it.c:254:6:CAN1_RX0_IRQHandler	0	static
